Archive member included to satisfy reference by file (symbol)

C:/ST/STM32CubeIDE_1.18.1/STM32CubeIDE/plugins/com.st.stm32cube.ide.mcu.externaltools.gnu-tools-for-stm32.13.3.rel1.win32_1.0.0.202411081344/tools/bin/../lib/gcc/arm-none-eabi/13.3.1/../../../../arm-none-eabi/lib/thumb/v7-m/nofp\libstdc++_nano.a(new_op.o)
                              ./Core/Src/arm.o (operator new(unsigned int))
C:/ST/STM32CubeIDE_1.18.1/STM32CubeIDE/plugins/com.st.stm32cube.ide.mcu.externaltools.gnu-tools-for-stm32.13.3.rel1.win32_1.0.0.202411081344/tools/bin/../lib/gcc/arm-none-eabi/13.3.1/../../../../arm-none-eabi/lib/thumb/v7-m/nofp\libstdc++_nano.a(new_handler.o)
                              C:/ST/STM32CubeIDE_1.18.1/STM32CubeIDE/plugins/com.st.stm32cube.ide.mcu.externaltools.gnu-tools-for-stm32.13.3.rel1.win32_1.0.0.202411081344/tools/bin/../lib/gcc/arm-none-eabi/13.3.1/../../../../arm-none-eabi/lib/thumb/v7-m/nofp\libstdc++_nano.a(new_op.o) (std::get_new_handler())
C:/ST/STM32CubeIDE_1.18.1/STM32CubeIDE/plugins/com.st.stm32cube.ide.mcu.externaltools.gnu-tools-for-stm32.13.3.rel1.win32_1.0.0.202411081344/tools/bin/../lib/gcc/arm-none-eabi/13.3.1/../../../../arm-none-eabi/lib/thumb/v7-m/nofp\libc_nano.a(libc_a-abort.o)
                              C:/ST/STM32CubeIDE_1.18.1/STM32CubeIDE/plugins/com.st.stm32cube.ide.mcu.externaltools.gnu-tools-for-stm32.13.3.rel1.win32_1.0.0.202411081344/tools/bin/../lib/gcc/arm-none-eabi/13.3.1/../../../../arm-none-eabi/lib/thumb/v7-m/nofp\libstdc++_nano.a(new_op.o) (abort)
C:/ST/STM32CubeIDE_1.18.1/STM32CubeIDE/plugins/com.st.stm32cube.ide.mcu.externaltools.gnu-tools-for-stm32.13.3.rel1.win32_1.0.0.202411081344/tools/bin/../lib/gcc/arm-none-eabi/13.3.1/../../../../arm-none-eabi/lib/thumb/v7-m/nofp\libc_nano.a(libc_a-exit.o)
                              C:/ST/STM32CubeIDE_1.18.1/STM32CubeIDE/plugins/com.st.stm32cube.ide.mcu.externaltools.gnu-tools-for-stm32.13.3.rel1.win32_1.0.0.202411081344/tools/bin/../lib/gcc/arm-none-eabi/13.3.1/../../../../arm-none-eabi/lib/thumb/v7-m/nofp/crt0.o (exit)
C:/ST/STM32CubeIDE_1.18.1/STM32CubeIDE/plugins/com.st.stm32cube.ide.mcu.externaltools.gnu-tools-for-stm32.13.3.rel1.win32_1.0.0.202411081344/tools/bin/../lib/gcc/arm-none-eabi/13.3.1/../../../../arm-none-eabi/lib/thumb/v7-m/nofp\libc_nano.a(libc_a-malloc.o)
                              C:/ST/STM32CubeIDE_1.18.1/STM32CubeIDE/plugins/com.st.stm32cube.ide.mcu.externaltools.gnu-tools-for-stm32.13.3.rel1.win32_1.0.0.202411081344/tools/bin/../lib/gcc/arm-none-eabi/13.3.1/../../../../arm-none-eabi/lib/thumb/v7-m/nofp\libstdc++_nano.a(new_op.o) (malloc)
C:/ST/STM32CubeIDE_1.18.1/STM32CubeIDE/plugins/com.st.stm32cube.ide.mcu.externaltools.gnu-tools-for-stm32.13.3.rel1.win32_1.0.0.202411081344/tools/bin/../lib/gcc/arm-none-eabi/13.3.1/../../../../arm-none-eabi/lib/thumb/v7-m/nofp\libc_nano.a(libc_a-mallocr.o)
                              C:/ST/STM32CubeIDE_1.18.1/STM32CubeIDE/plugins/com.st.stm32cube.ide.mcu.externaltools.gnu-tools-for-stm32.13.3.rel1.win32_1.0.0.202411081344/tools/bin/../lib/gcc/arm-none-eabi/13.3.1/../../../../arm-none-eabi/lib/thumb/v7-m/nofp\libc_nano.a(libc_a-malloc.o) (_malloc_r)
C:/ST/STM32CubeIDE_1.18.1/STM32CubeIDE/plugins/com.st.stm32cube.ide.mcu.externaltools.gnu-tools-for-stm32.13.3.rel1.win32_1.0.0.202411081344/tools/bin/../lib/gcc/arm-none-eabi/13.3.1/../../../../arm-none-eabi/lib/thumb/v7-m/nofp\libc_nano.a(libc_a-mlock.o)
                              C:/ST/STM32CubeIDE_1.18.1/STM32CubeIDE/plugins/com.st.stm32cube.ide.mcu.externaltools.gnu-tools-for-stm32.13.3.rel1.win32_1.0.0.202411081344/tools/bin/../lib/gcc/arm-none-eabi/13.3.1/../../../../arm-none-eabi/lib/thumb/v7-m/nofp\libc_nano.a(libc_a-mallocr.o) (__malloc_lock)
C:/ST/STM32CubeIDE_1.18.1/STM32CubeIDE/plugins/com.st.stm32cube.ide.mcu.externaltools.gnu-tools-for-stm32.13.3.rel1.win32_1.0.0.202411081344/tools/bin/../lib/gcc/arm-none-eabi/13.3.1/../../../../arm-none-eabi/lib/thumb/v7-m/nofp\libc_nano.a(libc_a-nano-vfprintf_float.o)
                              (_printf_float)
C:/ST/STM32CubeIDE_1.18.1/STM32CubeIDE/plugins/com.st.stm32cube.ide.mcu.externaltools.gnu-tools-for-stm32.13.3.rel1.win32_1.0.0.202411081344/tools/bin/../lib/gcc/arm-none-eabi/13.3.1/../../../../arm-none-eabi/lib/thumb/v7-m/nofp\libc_nano.a(libc_a-nano-vfprintf_i.o)
                              C:/ST/STM32CubeIDE_1.18.1/STM32CubeIDE/plugins/com.st.stm32cube.ide.mcu.externaltools.gnu-tools-for-stm32.13.3.rel1.win32_1.0.0.202411081344/tools/bin/../lib/gcc/arm-none-eabi/13.3.1/../../../../arm-none-eabi/lib/thumb/v7-m/nofp\libc_nano.a(libc_a-nano-vfprintf_float.o) (_printf_common)
C:/ST/STM32CubeIDE_1.18.1/STM32CubeIDE/plugins/com.st.stm32cube.ide.mcu.externaltools.gnu-tools-for-stm32.13.3.rel1.win32_1.0.0.202411081344/tools/bin/../lib/gcc/arm-none-eabi/13.3.1/../../../../arm-none-eabi/lib/thumb/v7-m/nofp\libc_nano.a(libc_a-findfp.o)
[...]
Memory Configuration

Name             Origin             Length             Attributes
RAM              0x20000000         0x0000c000         xrw
FLASH            0x08000000         0x00040000         xr
*default*        0x00000000         0xffffffff

Linker script and memory map

LOAD C:/ST/STM32CubeIDE_1.18.1/STM32CubeIDE/plugins/com.st.stm32cube.ide.mcu.externaltools.gnu-tools-for-stm32.13.3.rel1.win32_1.0.0.202411081344/tools/bin/../lib/gcc/arm-none-eabi/13.3.1/thumb/v7-m/nofp/crti.o
LOAD C:/ST/STM32CubeIDE_1.18.1/STM32CubeIDE/plugins/com.st.stm32cube.ide.mcu.externaltools.gnu-tools-for-stm32.13.3.rel1.win32_1.0.0.202411081344/tools/bin/../lib/gcc/arm-none-eabi/13.3.1/thumb/v7-m/nofp/crtbegin.o
LOAD C:/ST/STM32CubeIDE_1.18.1/STM32CubeIDE/plugins/com.st.stm32cube.ide.mcu.externaltools.gnu-tools-for-stm32.13.3.rel1.win32_1.0.0.202411081344/tools/bin/../lib/gcc/arm-none-eabi/13.3.1/../../../../arm-none-eabi/lib/thumb/v7-m/nofp/crt0.o
LOAD ./Core/Src/arm.o
LOAD ./Core/Src/can.o
LOAD ./Core/Src/ctrl.o
LOAD ./Core/Src/dma.o
LOAD ./Core/Src/freertos.o
LOAD ./Core/Src/gpio.o
LOAD ./Core/Src/main.o
LOAD ./Core/Src/stm32f1xx_hal_msp.o
LOAD ./Core/Src/stm32f1xx_hal_timebase_tim.o
LOAD ./Core/Src/stm32f1xx_it.o
LOAD ./Core/Src/syscalls.o
LOAD ./Core/Src/sysmem.o
LOAD ./Core/Src/system_stm32f1xx.o
LOAD ./Core/Src/usart.o
LOAD ./Core/Startup/startup_stm32f103rctx.o
LOAD ./Drivers/STM32F1xx_HAL_Driver/Src/stm32f1xx_hal.o
LOAD ./Drivers/STM32F1xx_HAL_Driver/Src/stm32f1xx_hal_can.o
LOAD ./Drivers/STM32F1xx_HAL_Driver/Src/stm32f1xx_hal_cortex.o
LOAD ./Drivers/STM32F1xx_HAL_Driver/Src/stm32f1xx_hal_dma.o
LOAD ./Drivers/STM32F1xx_HAL_Driver/Src/stm32f1xx_hal_exti.o
LOAD ./Drivers/STM32F1xx_HAL_Driver/Src/stm32f1xx_hal_flash.o
LOAD ./Drivers/STM32F1xx_HAL_Driver/Src/stm32f1xx_hal_flash_ex.o
LOAD ./Drivers/STM32F1xx_HAL_Driver/Src/stm32f1xx_hal_gpio.o
LOAD ./Drivers/STM32F1xx_HAL_Driver/Src/stm32f1xx_hal_gpio_ex.o
LOAD ./Drivers/STM32F1xx_HAL_Driver/Src/stm32f1xx_hal_pwr.o
LOAD ./Drivers/STM32F1xx_HAL_Driver/Src/stm32f1xx_hal_rcc.o
LOAD ./Drivers/STM32F1xx_HAL_Driver/Src/stm32f1xx_hal_rcc_ex.o
LOAD ./Drivers/STM32F1xx_HAL_Driver/Src/stm32f1xx_hal_tim.o
LOAD ./Drivers/STM32F1xx_HAL_Driver/Src/stm32f1xx_hal_tim_ex.o
LOAD ./Drivers/STM32F1xx_HAL_Driver/Src/stm32f1xx_hal_uart.o
LOAD ./Middlewares/Third_Party/FreeRTOS/Source/CMSIS_RTOS_V2/cmsis_os2.o
LOAD ./Middlewares/Third_Party/FreeRTOS/Source/croutine.o
LOAD ./Middlewares/Third_Party/FreeRTOS/Source/event_groups.o
LOAD ./Middlewares/Third_Party/FreeRTOS/Source/list.o
LOAD ./Middlewares/Third_Party/FreeRTOS/Source/queue.o
LOAD ./Middlewares/Third_Party/FreeRTOS/Source/stream_buffer.o
LOAD ./Middlewares/Third_Party/FreeRTOS/Source/tasks.o
LOAD ./Middlewares/Third_Party/FreeRTOS/Source/timers.o
LOAD ./Middlewares/Third_Party/FreeRTOS/Source/portable/GCC/ARM_CM3/port.o
LOAD ./Middlewares/Third_Party/FreeRTOS/Source/portable/MemMang/heap_4.o
START GROUP
LOAD C:/ST/STM32CubeIDE_1.18.1/STM32CubeIDE/plugins/com.st.stm32cube.ide.mcu.externaltools.gnu-tools-for-stm32.13.3.rel1.win32_1.0.0.202411081344/tools/bin/../lib/gcc/arm-none-eabi/13.3.1/../../../../arm-none-eabi/lib/thumb/v7-m/nofp\libstdc++_nano.a
LOAD C:/ST/STM32CubeIDE_1.18.1/STM32CubeIDE/plugins/com.st.stm32cube.ide.mcu.externaltools.gnu-tools-for-stm32.13.3.rel1.win32_1.0.0.202411081344/tools/bin/../lib/gcc/arm-none-eabi/13.3.1/../../../../arm-none-eabi/lib/thumb/v7-m/nofp\libsupc++_nano.a
END GROUP
LOAD C:/ST/STM32CubeIDE_1.18.1/STM32CubeIDE/plugins/com.st.stm32cube.ide.mcu.externaltools.gnu-tools-for-stm32.13.3.rel1.win32_1.0.0.202411081344/tools/bin/../lib/gcc/arm-none-eabi/13.3.1/../../../../arm-none-eabi/lib/thumb/v7-m/nofp\libstdc++_nano.a
LOAD C:/ST/STM32CubeIDE_1.18.1/STM32CubeIDE/plugins/com.st.stm32cube.ide.mcu.externaltools.gnu-tools-for-stm32.13.3.rel1.win32_1.0.0.202411081344/tools/bin/../lib/gcc/arm-none-eabi/13.3.1/../../../../arm-none-eabi/lib/thumb/v7-m/nofp\libm.a
LOAD C:/ST/STM32CubeIDE_1.18.1/STM32CubeIDE/plugins/com.st.stm32cube.ide.mcu.externaltools.gnu-tools-for-stm32.13.3.rel1.win32_1.0.0.202411081344/tools/bin/../lib/gcc/arm-none-eabi/13.3.1/../../../../arm-none-eabi/lib/thumb/v7-m/nofp\libc_nano.a
START GROUP
LOAD C:/ST/STM32CubeIDE_1.18.1/STM32CubeIDE/plugins/com.st.stm32cube.ide.mcu.externaltools.gnu-tools-for-stm32.13.3.rel1.win32_1.0.0.202411081344/tools/bin/../lib/gcc/arm-none-eabi/13.3.1/thumb/v7-m/nofp\libgcc.a
LOAD C:/ST/STM32CubeIDE_1.18.1/STM32CubeIDE/plugins/com.st.stm32cube.ide.mcu.externaltools.gnu-tools-for-stm32.13.3.rel1.win32_1.0.0.202411081344/tools/bin/../lib/gcc/arm-none-eabi/13.3.1/../../../../arm-none-eabi/lib/thumb/v7-m/nofp\libc_nano.a
END GROUP
START GROUP
LOAD C:/ST/STM32CubeIDE_1.18.1/STM32CubeIDE/plugins/com.st.stm32cube.ide.mcu.externaltools.gnu-tools-for-stm32.13.3.rel1.win32_1.0.0.202411081344/tools/bin/../lib/gcc/arm-none-eabi/13.3.1/thumb/v7-m/nofp\libgcc.a
LOAD C:/ST/STM32CubeIDE_1.18.1/STM32CubeIDE/plugins/com.st.stm32cube.ide.mcu.externaltools.gnu-tools-for-stm32.13.3.rel1.win32_1.0.0.202411081344/tools/bin/../lib/gcc/arm-none-eabi/13.3.1/../../../../arm-none-eabi/lib/thumb/v7-m/nofp\libc_nano.a
LOAD C:/ST/STM32CubeIDE_1.18.1/STM32CubeIDE/plugins/com.st.stm32cube.ide.mcu.externaltools.gnu-tools-for-stm32.13.3.rel1.win32_1.0.0.202411081344/tools/bin/../lib/gcc/arm-none-eabi/13.3.1/../../../../arm-none-eabi/lib/thumb/v7-m/nofp\libnosys.a
END GROUP
START GROUP
LOAD C:/ST/STM32CubeIDE_1.18.1/STM32CubeIDE/plugins/com.st.stm32cube.ide.mcu.externaltools.gnu-tools-for-stm32.13.3.rel1.win32_1.0.0.202411081344/tools/bin/../lib/gcc/arm-none-eabi/13.3.1/thumb/v7-m/nofp\libgcc.a
LOAD C:/ST/STM32CubeIDE_1.18.1/STM32CubeIDE/plugins/com.st.stm32cube.ide.mcu.externaltools.gnu-tools-for-stm32.13.3.rel1.win32_1.0.0.202411081344/tools/bin/../lib/gcc/arm-none-eabi/13.3.1/../../../../arm-none-eabi/lib/thumb/v7-m/nofp\libc_nano.a
LOAD C:/ST/STM32CubeIDE_1.18.1/STM32CubeIDE/plugins/com.st.stm32cube.ide.mcu.externaltools.gnu-tools-for-stm32.13.3.rel1.win32_1.0.0.202411081344/tools/bin/../lib/gcc/arm-none-eabi/13.3.1/../../../../arm-none-eabi/lib/thumb/v7-m/nofp\libnosys.a
END GROUP
LOAD C:/ST/STM32CubeIDE_1.18.1/STM32CubeIDE/plugins/com.st.stm32cube.ide.mcu.externaltools.gnu-tools-for-stm32.13.3.rel1.win32_1.0.0.202411081344/tools/bin/../lib/gcc/arm-none-eabi/13.3.1/thumb/v7-m/nofp/crtend.o
LOAD C:/ST/STM32CubeIDE_1.18.1/STM32CubeIDE/plugins/com.st.stm32cube.ide.mcu.externaltools.gnu-tools-for-stm32.13.3.rel1.win32_1.0.0.202411081344/tools/bin/../lib/gcc/arm-none-eabi/13.3.1/thumb/v7-m/nofp/crtn.o
                0x2000c000                        _estack = (ORIGIN (RAM) + LENGTH (RAM))
                0x00000200                        _Min_Heap_Size = 0x200
                0x00000400                        _Min_Stack_Size = 0x400

.isr_vector     0x08000000      0x1e4
                0x08000000                        . = ALIGN (0x4)
 *(.isr_vector)
 .isr_vector    0x08000000      0x1e4 ./Core/Startup/startup_stm32f103rctx.o
                0x08000000                g_pfnVectors
                0x080001e4                        . = ALIGN (0x4)

.text           0x080001f0     0xb94c
                0x080001f0                        . = ALIGN (0x4)
 *(.text)
 .text          0x080001f0       0x40 C:/ST/STM32CubeIDE_1.18.1/STM32CubeIDE/plugins/com.st.stm32cube.ide.mcu.externaltools.gnu-tools-for-stm32.13.3.rel1.win32_1.0.0.202411081344/tools/bin/../lib/gcc/arm-none-eabi/13.3.1/thumb/v7-m/nofp/crtbegin.o
 .text          0x08000230       0x10 C:/ST/STM32CubeIDE_1.18.1/STM32CubeIDE/plugins/com.st.stm32cube.ide.mcu.externaltools.gnu-tools-for-stm32.13.3.rel1.win32_1.0.0.202411081344/tools/bin/../lib/gcc/arm-none-eabi/13.3.1/../../../../arm-none-eabi/lib/thumb/v7-m/nofp\libc_nano.a(libc_a-strlen.o)
                0x08000230                strlen
 .text          0x08000240      0x378 C:/ST/STM32CubeIDE_1.18.1/STM32CubeIDE/plugins/com.st.stm32cube.ide.mcu.externaltools.gnu-tools-for-stm32.13.3.rel1.win32_1.0.0.202411081344/tools/bin/../lib/gcc/arm-none-eabi/13.3.1/thumb/v7-m/nofp\libgcc.a(_arm_addsubdf3.o)
                0x08000240                __aeabi_drsub
                0x08000248                __aeabi_dsub
                0x08000248                __subdf3
                0x0800024c                __aeabi_dadd
                0x0800024c                __adddf3
                0x080004c4                __floatunsidf
                0x080004c4                __aeabi_ui2d
                0x080004e4                __floatsidf
                0x080004e4                __aeabi_i2d
                0x08000508                __aeabi_f2d
                0x08000508                __extendsfdf2
                0x0800054c                __floatundidf
                0x0800054c                __aeabi_ul2d
                0x0800055c                __floatdidf
                0x0800055c                __aeabi_l2d
 .text          0x080005b8      0x424 C:/ST/STM32CubeIDE_1.18.1/STM32CubeIDE/plugins/com.st.stm32cube.ide.mcu.externaltools.gnu-tools-for-stm32.13.3.rel1.win32_1.0.0.202411081344/tools/bin/../lib/gcc/arm-none-eabi/13.3.1/thumb/v7-m/nofp\libgcc.a(_arm_muldivdf3.o)
                0x080005b8                __aeabi_dmul
                0x080005b8                __muldf3
                0x0800080c                __divdf3
                0x0800080c                __aeabi_ddiv
 .text          0x080009dc      0x110 C:/ST/STM32CubeIDE_1.18.1/STM32CubeIDE/plugins/com.st.stm32cube.ide.mcu.externaltools.gnu-tools-for-stm32.13.3.rel1.win32_1.0.0.202411081344/tools/bin/../lib/gcc/arm-none-eabi/13.3.1/thumb/v7-m/nofp\libgcc.a(_arm_cmpdf2.o)
                0x080009dc                __gtdf2
                0x080009dc                __gedf2
                0x080009e4                __ltdf2
                0x080009e4                __ledf2
                0x080009ec                __nedf2
                0x080009ec                __eqdf2
                0x080009ec                __cmpdf2
                0x08000a68                __aeabi_cdrcmple
                0x08000a78                __aeabi_cdcmpeq
                0x08000a78                __aeabi_cdcmple
                0x08000a88                __aeabi_dcmpeq
                0x08000a9c                __aeabi_dcmplt
                0x08000ab0                __aeabi_dcmple
                0x08000ac4                __aeabi_dcmpge
                0x08000ad8                __aeabi_dcmpgt
 .text          0x08000aec       0x2c C:/ST/STM32CubeIDE_1.18.1/STM32CubeIDE/plugins/com.st.stm32cube.ide.mcu.externaltools.gnu-tools-for-stm32.13.3.rel1.win32_1.0.0.202411081344/tools/bin/../lib/gcc/arm-none-eabi/13.3.1/thumb/v7-m/nofp\libgcc.a(_arm_unorddf2.o)
                0x08000aec                __unorddf2
                0x08000aec                __aeabi_dcmpun
 .text          0x08000b18       0x50 C:/ST/STM32CubeIDE_1.18.1/STM32CubeIDE/plugins/com.st.stm32cube.ide.mcu.externaltools.gnu-tools-for-stm32.13.3.rel1.win32_1.0.0.202411081344/tools/bin/../lib/gcc/arm-none-eabi/13.3.1/thumb/v7-m/nofp\libgcc.a(_arm_fixdfsi.o)
                0x08000b18                __aeabi_d2iz
                0x08000b18                __fixdfsi
 .text          0x08000b68      0x21c C:/ST/STM32CubeIDE_1.18.1/STM32CubeIDE/plugins/com.st.stm32cube.ide.mcu.externaltools.gnu-tools-for-stm32.13.3.rel1.win32_1.0.0.202411081344/tools/bin/../lib/gcc/arm-none-eabi/13.3.1/thumb/v7-m/nofp\libgcc.a(_arm_addsubsf3.o)
                0x08000b68                __aeabi_frsub
                0x08000b70                __subsf3
                0x08000b70                __aeabi_fsub
                0x08000b74                __aeabi_fadd
                0x08000b74                __addsf3
                0x08000cd4                __aeabi_ui2f
                0x08000cd4                __floatunsisf
                0x08000cdc                __aeabi_i2f
                0x08000cdc                __floatsisf
                0x08000cf8                __aeabi_ul2f
                0x08000cf8                __floatundisf
                0x08000d08                __aeabi_l2f
                0x08000d08                __floatdisf
 .text          0x08000d84      0x2a0 C:/ST/STM32CubeIDE_1.18.1/STM32CubeIDE/plugins/com.st.stm32cube.ide.mcu.externaltools.gnu-tools-for-stm32.13.3.rel1.win32_1.0.0.202411081344/tools/bin/../lib/gcc/arm-none-eabi/13.3.1/thumb/v7-m/nofp\libgcc.a(_arm_muldivsf3.o)
                0x08000d84                __mulsf3
                0x08000d84                __aeabi_fmul
                0x08000eec                __aeabi_fdiv
                0x08000eec                __divsf3
 *(.text*)
 .text._ZN3ArmC2EPcPiS1_Pfj
                0x08001024      0x10a ./Core/Src/arm.o
                0x08001024                Arm::Arm(char*, int*, int*, float*, unsigned int)
                0x08001024                Arm::Arm(char*, int*, int*, float*, unsigned int)
 *fill*         0x0800112e        0x2 
 .text._ZN3Arm4initEv
                0x08001130       0xe0 ./Core/Src/arm.o
                0x08001130                Arm::init()
 .text._ZN3Arm15updateSetpointsEPh
                0x08001210       0x26 ./Core/Src/arm.o
                0x08001210                Arm::updateSetpoints(unsigned char*)
 .text._ZN3Arm17updateSetVelocityEPh
                0x08001236       0x26 ./Core/Src/arm.o
                0x08001236                Arm::updateSetVelocity(unsigned char*)
 .text._ZN3Arm11getSetPointEv
                0x0800125c       0x16 ./Core/Src/arm.o
                0x0800125c                Arm::getSetPoint()
 .text._ZN3Arm14getSetVelocityEv
                0x08001272       0x16 ./Core/Src/arm.o
                0x08001272                Arm::getSetVelocity()
 .text._ZN3Arm16updateJointStateEcf
                0x08001288       0xa8 ./Core/Src/arm.o
                0x08001288                Arm::updateJointState(char, float)
 .text._ZN3Arm9setAnglesEm
                0x08001330       0xc0 ./Core/Src/arm.o
                0x08001330                Arm::setAngles(unsigned long)
 .text._ZN3Arm15getInstantAngleEm
                0x080013f0       0x7c ./Core/Src/arm.o
                0x080013f0                Arm::getInstantAngle(unsigned long)
 .text._ZN3Arm10sendToHostEv
                0x0800146c       0x6c ./Core/Src/arm.o
                0x0800146c                Arm::sendToHost()
 .text._ZN3Arm8checksumEPhj
                0x080014d8       0x40 ./Core/Src/arm.o
                0x080014d8                Arm::checksum(unsigned char*, unsigned int)
 .text.CAN_ConfigFilter
                0x08001518       0x4c ./Core/Src/can.o
                0x08001518                CAN_ConfigFilter
 .text.MX_CAN_Init
                0x08001564       0x6c ./Core/Src/can.o
                0x08001564                MX_CAN_Init
 .text.HAL_CAN_MspInit
                0x080015d0       0xc8 ./Core/Src/can.o
                0x080015d0                HAL_CAN_MspInit
 .text._ZN4CtrlC2ER17CAN_HandleTypeDefhbhff
                0x08001698       0x90 ./Core/Src/ctrl.o
                0x08001698                Ctrl::Ctrl(CAN_HandleTypeDef&, unsigned char, bool, unsigned char, float, float)
                0x08001698                Ctrl::Ctrl(CAN_HandleTypeDef&, unsigned char, bool, unsigned char, float, float)
 .text._ZN4Ctrl9SetEnableEb
                0x08001728       0x98 ./Core/Src/ctrl.o
                0x08001728                Ctrl::SetEnable(bool)
 .text._ZN4Ctrl19SetPositionSetPointEf
                0x080017c0       0x80 ./Core/Src/ctrl.o
                0x080017c0                Ctrl::SetPositionSetPoint(float)
 .text._ZN4Ctrl15RequestPositionEv
                0x08001840       0x74 ./Core/Src/ctrl.o
                0x08001840                Ctrl::RequestPosition()
 .text._ZN4Ctrl8SetAngleEf
                0x080018b4       0x58 ./Core/Src/ctrl.o
                0x080018b4                Ctrl::SetAngle(float)
 .text.MX_DMA_Init
                0x0800190c       0x6c ./Core/Src/dma.o
                0x0800190c                MX_DMA_Init
 .text._Z16MX_FREERTOS_Initv
                0x08001978       0x54 ./Core/Src/freertos.o
                0x08001978                MX_FREERTOS_Init()
 .text._Z16StartDefaultTaskPv
                0x080019cc       0x10 ./Core/Src/freertos.o
                0x080019cc                StartDefaultTask(void*)
 .text.HAL_UART_RxCpltCallback
                0x080019dc      0x118 ./Core/Src/freertos.o
                0x080019dc                HAL_UART_RxCpltCallback
 .text.HAL_UART_ErrorCallback
                0x08001af4      0x124 ./Core/Src/freertos.o
                0x08001af4                HAL_UART_ErrorCallback
 .text.HAL_CAN_RxFifo0MsgPendingCallback
                0x08001c18       0x68 ./Core/Src/freertos.o
                0x08001c18                HAL_CAN_RxFifo0MsgPendingCallback
 .text._Z12Receive_TaskPv
                0x08001c80       0x64 ./Core/Src/freertos.o
                0x08001c80                Receive_Task(void*)
 .text._Z41__static_initialization_and_destruction_0v
                0x08001ce4       0x34 ./Core/Src/freertos.o
 .text._GLOBAL__sub_I_Ctrl_Task_Handler
                0x08001d18        0xa ./Core/Src/freertos.o
 *fill*         0x08001d22        0x2 
 .text.MX_GPIO_Init
                0x08001d24       0x44 ./Core/Src/gpio.o
                0x08001d24                MX_GPIO_Init
 .text.main     0x08001d68       0x44 ./Core/Src/main.o
                0x08001d68                main
 .text._Z18SystemClock_Configv
                0x08001dac       0x9e ./Core/Src/main.o
                0x08001dac                SystemClock_Config()
 *fill*         0x08001e4a        0x2 
 .text.HAL_TIM_PeriodElapsedCallback
                0x08001e4c       0x24 ./Core/Src/main.o
                0x08001e4c                HAL_TIM_PeriodElapsedCallback
 .text.Error_Handler
                0x08001e70        0xc ./Core/Src/main.o
                0x08001e70                Error_Handler
 .text.HAL_MspInit
                0x08001e7c       0x70 ./Core/Src/stm32f1xx_hal_msp.o
                0x08001e7c                HAL_MspInit
 .text.HAL_InitTick
                0x08001eec       0xfc ./Core/Src/stm32f1xx_hal_timebase_tim.o
                0x08001eec                HAL_InitTick
 .text.NMI_Handler
                0x08001fe8        0x8 ./Core/Src/stm32f1xx_it.o
                0x08001fe8                NMI_Handler
 .text.HardFault_Handler
                0x08001ff0        0x8 ./Core/Src/stm32f1xx_it.o
                0x08001ff0                HardFault_Handler
 .text.MemManage_Handler
                0x08001ff8        0x8 ./Core/Src/stm32f1xx_it.o
                0x08001ff8                MemManage_Handler
 .text.BusFault_Handler
                0x08002000        0x8 ./Core/Src/stm32f1xx_it.o
                0x08002000                BusFault_Handler
 .text.UsageFault_Handler
                0x08002008        0x8 ./Core/Src/stm32f1xx_it.o
                0x08002008                UsageFault_Handler
 .text.DebugMon_Handler
                0x08002010        0xc ./Core/Src/stm32f1xx_it.o
                0x08002010                DebugMon_Handler
 .text.DMA1_Channel4_IRQHandler
                0x0800201c       0x14 ./Core/Src/stm32f1xx_it.o
                0x0800201c                DMA1_Channel4_IRQHandler
 .text.DMA1_Channel5_IRQHandler
                0x08002030       0x14 ./Core/Src/stm32f1xx_it.o
                0x08002030                DMA1_Channel5_IRQHandler
 .text.DMA1_Channel6_IRQHandler
                0x08002044       0x14 ./Core/Src/stm32f1xx_it.o
                0x08002044                DMA1_Channel6_IRQHandler
 .text.DMA1_Channel7_IRQHandler
                0x08002058       0x14 ./Core/Src/stm32f1xx_it.o
                0x08002058                DMA1_Channel7_IRQHandler
 .text.USB_HP_CAN1_TX_IRQHandler
                0x0800206c       0x14 ./Core/Src/stm32f1xx_it.o
                0x0800206c                USB_HP_CAN1_TX_IRQHandler
 .text.USB_LP_CAN1_RX0_IRQHandler
                0x08002080       0x14 ./Core/Src/stm32f1xx_it.o
                0x08002080                USB_LP_CAN1_RX0_IRQHandler
 .text.CAN1_RX1_IRQHandler
                0x08002094       0x14 ./Core/Src/stm32f1xx_it.o
                0x08002094                CAN1_RX1_IRQHandler
 .text.USART1_IRQHandler
                0x080020a8       0x14 ./Core/Src/stm32f1xx_it.o
                0x080020a8                USART1_IRQHandler
 .text.USART2_IRQHandler
                0x080020bc       0x14 ./Core/Src/stm32f1xx_it.o
                0x080020bc                USART2_IRQHandler
 .text.TIM6_IRQHandler
                0x080020d0       0x14 ./Core/Src/stm32f1xx_it.o
                0x080020d0                TIM6_IRQHandler
 .text._getpid  0x080020e4        0xe ./Core/Src/syscalls.o
                0x080020e4                _getpid
 .text._kill    0x080020f2       0x20 ./Core/Src/syscalls.o
                0x080020f2                _kill
 .text._exit    0x08002112       0x16 ./Core/Src/syscalls.o
                0x08002112                _exit
 .text._read    0x08002128       0x3a ./Core/Src/syscalls.o
                0x08002128                _read
 .text._write   0x08002162       0x38 ./Core/Src/syscalls.o
                0x08002162                _write
 .text._close   0x0800219a       0x16 ./Core/Src/syscalls.o
                0x0800219a                _close
 .text._fstat   0x080021b0       0x1e ./Core/Src/syscalls.o
                0x080021b0                _fstat
 .text._isatty  0x080021ce       0x14 ./Core/Src/syscalls.o
                0x080021ce                _isatty
 .text._lseek   0x080021e2       0x18 ./Core/Src/syscalls.o
                0x080021e2                _lseek
 *fill*         0x080021fa        0x2 
 .text._sbrk    0x080021fc       0x6c ./Core/Src/sysmem.o
                0x080021fc                _sbrk
 .text.SystemInit
                0x08002268        0xc ./Core/Src/system_stm32f1xx.o
                0x08002268                SystemInit
 .text.MX_USART1_UART_Init
                0x08002274       0x54 ./Core/Src/usart.o
                0x08002274                MX_USART1_UART_Init
 .text.MX_USART2_UART_Init
                0x080022c8       0x54 ./Core/Src/usart.o
                0x080022c8                MX_USART2_UART_Init
 .text.HAL_UART_MspInit
                0x0800231c      0x27c ./Core/Src/usart.o
                0x0800231c                HAL_UART_MspInit
 .text.safe_printf
                0x08002598       0x4c ./Core/Src/usart.o
                0x08002598                safe_printf
 .text.Reset_Handler
                0x080025e4       0x48 ./Core/Startup/startup_stm32f103rctx.o
                0x080025e4                Reset_Handler
 .text.Default_Handler
                0x0800262c        0x2 ./Core/Startup/startup_stm32f103rctx.o
                0x0800262c                RTC_Alarm_IRQHandler
                0x0800262c                EXTI2_IRQHandler
                0x0800262c                TIM8_TRG_COM_IRQHandler
                0x0800262c                TIM8_CC_IRQHandler
                0x0800262c                TIM1_CC_IRQHandler
                0x0800262c                PVD_IRQHandler
                0x0800262c                SDIO_IRQHandler
                0x0800262c                EXTI3_IRQHandler
                0x0800262c                EXTI0_IRQHandler
                0x0800262c                I2C2_EV_IRQHandler
                0x0800262c                ADC1_2_IRQHandler
                0x0800262c                SPI1_IRQHandler
                0x0800262c                TAMPER_IRQHandler
                0x0800262c                TIM8_UP_IRQHandler
                0x0800262c                DMA2_Channel2_IRQHandler
                0x0800262c                USART3_IRQHandler
                0x0800262c                RTC_IRQHandler
                0x0800262c                UART5_IRQHandler
                0x0800262c                ADC3_IRQHandler
                0x0800262c                TIM4_IRQHandler
                0x0800262c                DMA2_Channel1_IRQHandler
                0x0800262c                I2C1_EV_IRQHandler
                0x0800262c                UART4_IRQHandler
                0x0800262c                TIM3_IRQHandler
                0x0800262c                RCC_IRQHandler
                0x0800262c                TIM1_TRG_COM_IRQHandler
                0x0800262c                DMA1_Channel1_IRQHandler
                0x0800262c                Default_Handler
                0x0800262c                EXTI15_10_IRQHandler
                0x0800262c                TIM7_IRQHandler
                0x0800262c                TIM5_IRQHandler
                0x0800262c                EXTI9_5_IRQHandler
                0x0800262c                SPI2_IRQHandler
                0x0800262c                EXTI4_IRQHandler
                0x0800262c                DMA1_Channel3_IRQHandler
                0x0800262c                FSMC_IRQHandler
                0x0800262c                TIM1_UP_IRQHandler
                0x0800262c                WWDG_IRQHandler
                0x0800262c                TIM2_IRQHandler
                0x0800262c                TIM1_BRK_IRQHandler
                0x0800262c                EXTI1_IRQHandler
                0x0800262c                DMA2_Channel4_5_IRQHandler
                0x0800262c                I2C2_ER_IRQHandler
                0x0800262c                DMA1_Channel2_IRQHandler
                0x0800262c                TIM8_BRK_IRQHandler
                0x0800262c                CAN1_SCE_IRQHandler
                0x0800262c                FLASH_IRQHandler
                0x0800262c                SPI3_IRQHandler
                0x0800262c                I2C1_ER_IRQHandler
                0x0800262c                USBWakeUp_IRQHandler
                0x0800262c                DMA2_Channel3_IRQHandler
 *fill*         0x0800262e        0x2 
 .text.HAL_Init
                0x08002630       0x2c ./Drivers/STM32F1xx_HAL_Driver/Src/stm32f1xx_hal.o
                0x08002630                HAL_Init
 .text.HAL_IncTick
                0x0800265c       0x24 ./Drivers/STM32F1xx_HAL_Driver/Src/stm32f1xx_hal.o
                0x0800265c                HAL_IncTick
 .text.HAL_GetTick
                0x08002680       0x14 ./Drivers/STM32F1xx_HAL_Driver/Src/stm32f1xx_hal.o
                0x08002680                HAL_GetTick
 .text.HAL_Delay
                0x08002694       0x48 ./Drivers/STM32F1xx_HAL_Driver/Src/stm32f1xx_hal.o
                0x08002694                HAL_Delay
 .text.HAL_CAN_Init
                0x080026dc      0x1f6 ./Drivers/STM32F1xx_HAL_Driver/Src/stm32f1xx_hal_can.o
                0x080026dc                HAL_CAN_Init
 .text.HAL_CAN_ConfigFilter
                0x080028d2      0x192 ./Drivers/STM32F1xx_HAL_Driver/Src/stm32f1xx_hal_can.o
                0x080028d2                HAL_CAN_ConfigFilter
 .text.HAL_CAN_Start
                0x08002a64       0x88 ./Drivers/STM32F1xx_HAL_Driver/Src/stm32f1xx_hal_can.o
                0x08002a64                HAL_CAN_Start
 .text.HAL_CAN_AddTxMessage
                0x08002aec      0x19e ./Drivers/STM32F1xx_HAL_Driver/Src/stm32f1xx_hal_can.o
                0x08002aec                HAL_CAN_AddTxMessage
 .text.HAL_CAN_GetRxMessage
                0x08002c8a      0x242 ./Drivers/STM32F1xx_HAL_Driver/Src/stm32f1xx_hal_can.o
                0x08002c8a                HAL_CAN_GetRxMessage
 .text.HAL_CAN_ActivateNotification
                0x08002ecc       0x4a ./Drivers/STM32F1xx_HAL_Driver/Src/stm32f1xx_hal_can.o
                0x08002ecc                HAL_CAN_ActivateNotification
 .text.HAL_CAN_IRQHandler
                0x08002f16      0x36e ./Drivers/STM32F1xx_HAL_Driver/Src/stm32f1xx_hal_can.o
                0x08002f16                HAL_CAN_IRQHandler
 .text.HAL_CAN_TxMailbox0CompleteCallback
                0x08003284       0x12 ./Drivers/STM32F1xx_HAL_Driver/Src/stm32f1xx_hal_can.o
                0x08003284                HAL_CAN_TxMailbox0CompleteCallback
 .text.HAL_CAN_TxMailbox1CompleteCallback
                0x08003296       0x12 ./Drivers/STM32F1xx_HAL_Driver/Src/stm32f1xx_hal_can.o
                0x08003296                HAL_CAN_TxMailbox1CompleteCallback
 .text.HAL_CAN_TxMailbox2CompleteCallback
                0x080032a8       0x12 ./Drivers/STM32F1xx_HAL_Driver/Src/stm32f1xx_hal_can.o
                0x080032a8                HAL_CAN_TxMailbox2CompleteCallback
 .text.HAL_CAN_TxMailbox0AbortCallback
                0x080032ba       0x12 ./Drivers/STM32F1xx_HAL_Driver/Src/stm32f1xx_hal_can.o
                0x080032ba                HAL_CAN_TxMailbox0AbortCallback
 .text.HAL_CAN_TxMailbox1AbortCallback
                0x080032cc       0x12 ./Drivers/STM32F1xx_HAL_Driver/Src/stm32f1xx_hal_can.o
                0x080032cc                HAL_CAN_TxMailbox1AbortCallback
 .text.HAL_CAN_TxMailbox2AbortCallback
                0x080032de       0x12 ./Drivers/STM32F1xx_HAL_Driver/Src/stm32f1xx_hal_can.o
                0x080032de                HAL_CAN_TxMailbox2AbortCallback
 .text.HAL_CAN_RxFifo0FullCallback
                0x080032f0       0x12 ./Drivers/STM32F1xx_HAL_Driver/Src/stm32f1xx_hal_can.o
                0x080032f0                HAL_CAN_RxFifo0FullCallback
 .text.HAL_CAN_RxFifo1MsgPendingCallback
                0x08003302       0x12 ./Drivers/STM32F1xx_HAL_Driver/Src/stm32f1xx_hal_can.o
                0x08003302                HAL_CAN_RxFifo1MsgPendingCallback
 .text.HAL_CAN_RxFifo1FullCallback
                0x08003314       0x12 ./Drivers/STM32F1xx_HAL_Driver/Src/stm32f1xx_hal_can.o
                0x08003314                HAL_CAN_RxFifo1FullCallback
 .text.HAL_CAN_SleepCallback
                0x08003326       0x12 ./Drivers/STM32F1xx_HAL_Driver/Src/stm32f1xx_hal_can.o
                0x08003326                HAL_CAN_SleepCallback
 .text.HAL_CAN_WakeUpFromRxMsgCallback
                0x08003338       0x12 ./Drivers/STM32F1xx_HAL_Driver/Src/stm32f1xx_hal_can.o
                0x08003338                HAL_CAN_WakeUpFromRxMsgCallback
 .text.HAL_CAN_ErrorCallback
                0x0800334a       0x12 ./Drivers/STM32F1xx_HAL_Driver/Src/stm32f1xx_hal_can.o
                0x0800334a                HAL_CAN_ErrorCallback
 .text.__NVIC_SetPriorityGrouping
                0x0800335c       0x48 ./Drivers/STM32F1xx_HAL_Driver/Src/stm32f1xx_hal_cortex.o
 .text.__NVIC_GetPriorityGrouping
                0x080033a4       0x1c ./Drivers/STM32F1xx_HAL_Driver/Src/stm32f1xx_hal_cortex.o
 .text.__NVIC_EnableIRQ
                0x080033c0       0x38 ./Drivers/STM32F1xx_HAL_Driver/Src/stm32f1xx_hal_cortex.o
 .text.__NVIC_SetPriority
                0x080033f8       0x54 ./Drivers/STM32F1xx_HAL_Driver/Src/stm32f1xx_hal_cortex.o
 .text.NVIC_EncodePriority
                0x0800344c       0x64 ./Drivers/STM32F1xx_HAL_Driver/Src/stm32f1xx_hal_cortex.o
 .text.HAL_NVIC_SetPriorityGrouping
                0x080034b0       0x16 ./Drivers/STM32F1xx_HAL_Driver/Src/stm32f1xx_hal_cortex.o
                0x080034b0                HAL_NVIC_SetPriorityGrouping
 .text.HAL_NVIC_SetPriority
                0x080034c6       0x38 ./Drivers/STM32F1xx_HAL_Driver/Src/stm32f1xx_hal_cortex.o
                0x080034c6                HAL_NVIC_SetPriority
 .text.HAL_NVIC_EnableIRQ
                0x080034fe       0x1c ./Drivers/STM32F1xx_HAL_Driver/Src/stm32f1xx_hal_cortex.o
                0x080034fe                HAL_NVIC_EnableIRQ
 *fill*         0x0800351a        0x2 
 .text.HAL_DMA_Init
                0x0800351c       0xec ./Drivers/STM32F1xx_HAL_Driver/Src/stm32f1xx_hal_dma.o
                0x0800351c                HAL_DMA_Init
 .text.HAL_DMA_Start_IT
                0x08003608       0xc0 ./Drivers/STM32F1xx_HAL_Driver/Src/stm32f1xx_hal_dma.o
                0x08003608                HAL_DMA_Start_IT
 .text.HAL_DMA_Abort
                0x080036c8       0x76 ./Drivers/STM32F1xx_HAL_Driver/Src/stm32f1xx_hal_dma.o
                0x080036c8                HAL_DMA_Abort
 *fill*         0x0800373e        0x2 
 .text.HAL_DMA_Abort_IT
                0x08003740      0x210 ./Drivers/STM32F1xx_HAL_Driver/Src/stm32f1xx_hal_dma.o
                0x08003740                HAL_DMA_Abort_IT
 .text.HAL_DMA_IRQHandler
                0x08003950      0x478 ./Drivers/STM32F1xx_HAL_Driver/Src/stm32f1xx_hal_dma.o
                0x08003950                HAL_DMA_IRQHandler
 .text.DMA_SetConfig
                0x08003dc8       0x5a ./Drivers/STM32F1xx_HAL_Driver/Src/stm32f1xx_hal_dma.o
 *fill*         0x08003e22        0x2 
 .text.HAL_GPIO_Init
                0x08003e24      0x328 ./Drivers/STM32F1xx_HAL_Driver/Src/stm32f1xx_hal_gpio.o
                0x08003e24                HAL_GPIO_Init
 .text.HAL_RCC_OscConfig
                0x0800414c      0x504 ./Drivers/STM32F1xx_HAL_Driver/Src/stm32f1xx_hal_rcc.o
                0x0800414c                HAL_RCC_OscConfig
 .text.HAL_RCC_ClockConfig
                0x08004650      0x1d4 ./Drivers/STM32F1xx_HAL_Driver/Src/stm32f1xx_hal_rcc.o
                0x08004650                HAL_RCC_ClockConfig
 .text.HAL_RCC_GetSysClockFreq
                0x08004824       0xa8 ./Drivers/STM32F1xx_HAL_Driver/Src/stm32f1xx_hal_rcc.o
                0x08004824                HAL_RCC_GetSysClockFreq
 .text.HAL_RCC_GetHCLKFreq
                0x080048cc       0x14 ./Drivers/STM32F1xx_HAL_Driver/Src/stm32f1xx_hal_rcc.o
                0x080048cc                HAL_RCC_GetHCLKFreq
 .text.HAL_RCC_GetPCLK1Freq
                0x080048e0       0x28 ./Drivers/STM32F1xx_HAL_Driver/Src/stm32f1xx_hal_rcc.o
                0x080048e0                HAL_RCC_GetPCLK1Freq
 .text.HAL_RCC_GetPCLK2Freq
                0x08004908       0x28 ./Drivers/STM32F1xx_HAL_Driver/Src/stm32f1xx_hal_rcc.o
                0x08004908                HAL_RCC_GetPCLK2Freq
 .text.HAL_RCC_GetClockConfig
                0x08004930       0x60 ./Drivers/STM32F1xx_HAL_Driver/Src/stm32f1xx_hal_rcc.o
                0x08004930                HAL_RCC_GetClockConfig
 .text.RCC_Delay
                0x08004990       0x3c ./Drivers/STM32F1xx_HAL_Driver/Src/stm32f1xx_hal_rcc.o
 .text.HAL_TIM_Base_Init
                0x080049cc       0x9e ./Drivers/STM32F1xx_HAL_Driver/Src/stm32f1xx_hal_tim.o
                0x080049cc                HAL_TIM_Base_Init
 .text.HAL_TIM_Base_MspInit
                0x08004a6a       0x12 ./Drivers/STM32F1xx_HAL_Driver/Src/stm32f1xx_hal_tim.o
                0x08004a6a                HAL_TIM_Base_MspInit
 .text.HAL_TIM_Base_Start_IT
                0x08004a7c       0xc0 ./Drivers/STM32F1xx_HAL_Driver/Src/stm32f1xx_hal_tim.o
                0x08004a7c                HAL_TIM_Base_Start_IT
 .text.HAL_TIM_IRQHandler
                0x08004b3c      0x1e0 ./Drivers/STM32F1xx_HAL_Driver/Src/stm32f1xx_hal_tim.o
                0x08004b3c                HAL_TIM_IRQHandler
 .text.HAL_TIM_OC_DelayElapsedCallback
                0x08004d1c       0x12 ./Drivers/STM32F1xx_HAL_Driver/Src/stm32f1xx_hal_tim.o
                0x08004d1c                HAL_TIM_OC_DelayElapsedCallback
 .text.HAL_TIM_IC_CaptureCallback
                0x08004d2e       0x12 ./Drivers/STM32F1xx_HAL_Driver/Src/stm32f1xx_hal_tim.o
                0x08004d2e                HAL_TIM_IC_CaptureCallback
 .text.HAL_TIM_PWM_PulseFinishedCallback
                0x08004d40       0x12 ./Drivers/STM32F1xx_HAL_Driver/Src/stm32f1xx_hal_tim.o
                0x08004d40                HAL_TIM_PWM_PulseFinishedCallback
 .text.HAL_TIM_TriggerCallback
                0x08004d52       0x12 ./Drivers/STM32F1xx_HAL_Driver/Src/stm32f1xx_hal_tim.o
                0x08004d52                HAL_TIM_TriggerCallback
 .text.TIM_Base_SetConfig
                0x08004d64      0x10c ./Drivers/STM32F1xx_HAL_Driver/Src/stm32f1xx_hal_tim.o
                0x08004d64                TIM_Base_SetConfig
 .text.HAL_TIMEx_CommutCallback
                0x08004e70       0x12 ./Drivers/STM32F1xx_HAL_Driver/Src/stm32f1xx_hal_tim_ex.o
                0x08004e70                HAL_TIMEx_CommutCallback
 .text.HAL_TIMEx_BreakCallback
                0x08004e82       0x12 ./Drivers/STM32F1xx_HAL_Driver/Src/stm32f1xx_hal_tim_ex.o
                0x08004e82                HAL_TIMEx_BreakCallback
 .text.HAL_UART_Init
                0x08004e94       0xa0 ./Drivers/STM32F1xx_HAL_Driver/Src/stm32f1xx_hal_uart.o
                0x08004e94                HAL_UART_Init
 .text.HAL_UART_Transmit
                0x08004f34      0x116 ./Drivers/STM32F1xx_HAL_Driver/Src/stm32f1xx_hal_uart.o
                0x08004f34                HAL_UART_Transmit
 .text.HAL_UART_Receive_DMA
                0x0800504a       0x4a ./Drivers/STM32F1xx_HAL_Driver/Src/stm32f1xx_hal_uart.o
                0x0800504a                HAL_UART_Receive_DMA
 .text.HAL_UART_DMAStop
                0x08005094       0xfe ./Drivers/STM32F1xx_HAL_Driver/Src/stm32f1xx_hal_uart.o
                0x08005094                HAL_UART_DMAStop
 *fill*         0x08005192        0x2 
 .text.HAL_UART_IRQHandler
                0x08005194      0x524 ./Drivers/STM32F1xx_HAL_Driver/Src/stm32f1xx_hal_uart.o
                0x08005194                HAL_UART_IRQHandler
 .text.HAL_UART_TxCpltCallback
                0x080056b8       0x12 ./Drivers/STM32F1xx_HAL_Driver/Src/stm32f1xx_hal_uart.o
                0x080056b8                HAL_UART_TxCpltCallback
 .text.HAL_UART_RxHalfCpltCallback
                0x080056ca       0x12 ./Drivers/STM32F1xx_HAL_Driver/Src/stm32f1xx_hal_uart.o
                0x080056ca                HAL_UART_RxHalfCpltCallback
 .text.HAL_UARTEx_RxEventCallback
                0x080056dc       0x16 ./Drivers/STM32F1xx_HAL_Driver/Src/stm32f1xx_hal_uart.o
                0x080056dc                HAL_UARTEx_RxEventCallback
 .text.HAL_UART_GetError
                0x080056f2       0x16 ./Drivers/STM32F1xx_HAL_Driver/Src/stm32f1xx_hal_uart.o
                0x080056f2                HAL_UART_GetError
 .text.UART_DMAReceiveCplt
                0x08005708      0x12c ./Drivers/STM32F1xx_HAL_Driver/Src/stm32f1xx_hal_uart.o
 .text.UART_DMARxHalfCplt
                0x08005834       0x3c ./Drivers/STM32F1xx_HAL_Driver/Src/stm32f1xx_hal_uart.o
 .text.UART_DMAError
                0x08005870       0x94 ./Drivers/STM32F1xx_HAL_Driver/Src/stm32f1xx_hal_uart.o
 .text.UART_WaitOnFlagUntilTimeout
                0x08005904       0xb2 ./Drivers/STM32F1xx_HAL_Driver/Src/stm32f1xx_hal_uart.o
 *fill*         0x080059b6        0x2 
 .text.UART_Start_Receive_DMA
                0x080059b8      0x134 ./Drivers/STM32F1xx_HAL_Driver/Src/stm32f1xx_hal_uart.o
                0x080059b8                UART_Start_Receive_DMA
 .text.UART_EndTxTransfer
                0x08005aec       0x4e ./Drivers/STM32F1xx_HAL_Driver/Src/stm32f1xx_hal_uart.o
 .text.UART_EndRxTransfer
                0x08005b3a       0xc4 ./Drivers/STM32F1xx_HAL_Driver/Src/stm32f1xx_hal_uart.o
 .text.UART_DMAAbortOnError
                0x08005bfe       0x28 ./Drivers/STM32F1xx_HAL_Driver/Src/stm32f1xx_hal_uart.o
 .text.UART_Transmit_IT
                0x08005c26       0x9e ./Drivers/STM32F1xx_HAL_Driver/Src/stm32f1xx_hal_uart.o
 .text.UART_EndTransmit_IT
                0x08005cc4       0x30 ./Drivers/STM32F1xx_HAL_Driver/Src/stm32f1xx_hal_uart.o
 .text.UART_Receive_IT
                0x08005cf4      0x17c ./Drivers/STM32F1xx_HAL_Driver/Src/stm32f1xx_hal_uart.o
 .text.UART_SetConfig
                0x08005e70      0x11c ./Drivers/STM32F1xx_HAL_Driver/Src/stm32f1xx_hal_uart.o
 .text.SysTick_Handler
                0x08005f8c       0x20 ./Middlewares/Third_Party/FreeRTOS/Source/CMSIS_RTOS_V2/cmsis_os2.o
                0x08005f8c                SysTick_Handler
 .text.osThreadNew
                0x08005fac      0x124 ./Middlewares/Third_Party/FreeRTOS/Source/CMSIS_RTOS_V2/cmsis_os2.o
                0x08005fac                osThreadNew
 .text.osDelay  0x080060d0       0x36 ./Middlewares/Third_Party/FreeRTOS/Source/CMSIS_RTOS_V2/cmsis_os2.o
                0x080060d0                osDelay
 *fill*         0x08006106        0x2 
 .text.vApplicationGetIdleTaskMemory
                0x08006108       0x30 ./Middlewares/Third_Party/FreeRTOS/Source/CMSIS_RTOS_V2/cmsis_os2.o
                0x08006108                vApplicationGetIdleTaskMemory
 .text.vApplicationGetTimerTaskMemory
                0x08006138       0x34 ./Middlewares/Third_Party/FreeRTOS/Source/CMSIS_RTOS_V2/cmsis_os2.o
                0x08006138                vApplicationGetTimerTaskMemory
 .text.vListInitialise
                0x0800616c       0x3e ./Middlewares/Third_Party/FreeRTOS/Source/list.o
                0x0800616c                vListInitialise
 .text.vListInitialiseItem
                0x080061aa       0x18 ./Middlewares/Third_Party/FreeRTOS/Source/list.o
                0x080061aa                vListInitialiseItem
 .text.vListInsertEnd
                0x080061c2       0x46 ./Middlewares/Third_Party/FreeRTOS/Source/list.o
                0x080061c2                vListInsertEnd
 .text.vListInsert
                0x08006208       0x70 ./Middlewares/Third_Party/FreeRTOS/Source/list.o
                0x08006208                vListInsert
 .text.uxListRemove
                0x08006278       0x52 ./Middlewares/Third_Party/FreeRTOS/Source/list.o
                0x08006278                uxListRemove
 *fill*         0x080062ca        0x2 
 .text.xQueueGenericReset
                0x080062cc       0xd4 ./Middlewares/Third_Party/FreeRTOS/Source/queue.o
                0x080062cc                xQueueGenericReset
 .text.xQueueGenericCreateStatic
                0x080063a0       0xfa ./Middlewares/Third_Party/FreeRTOS/Source/queue.o
                0x080063a0                xQueueGenericCreateStatic
 .text.xQueueGenericCreate
                0x0800649a       0x76 ./Middlewares/Third_Party/FreeRTOS/Source/queue.o
                0x0800649a                xQueueGenericCreate
 .text.prvInitialiseNewQueue
                0x08006510       0x46 ./Middlewares/Third_Party/FreeRTOS/Source/queue.o
 *fill*         0x08006556        0x2 
 .text.xQueueGenericSend
                0x08006558      0x204 ./Middlewares/Third_Party/FreeRTOS/Source/queue.o
                0x08006558                xQueueGenericSend
 .text.xQueueGenericSendFromISR
                0x0800675c      0x13c ./Middlewares/Third_Party/FreeRTOS/Source/queue.o
                0x0800675c                xQueueGenericSendFromISR
 .text.xQueueReceive
                0x08006898      0x1c4 ./Middlewares/Third_Party/FreeRTOS/Source/queue.o
                0x08006898                xQueueReceive
 .text.xQueueSemaphoreTake
                0x08006a5c      0x220 ./Middlewares/Third_Party/FreeRTOS/Source/queue.o
                0x08006a5c                xQueueSemaphoreTake
 .text.prvGetDisinheritPriorityAfterTimeout
                0x08006c7c       0x2e ./Middlewares/Third_Party/FreeRTOS/Source/queue.o
 .text.prvCopyDataToQueue
                0x08006caa       0xd4 ./Middlewares/Third_Party/FreeRTOS/Source/queue.o
 .text.prvCopyDataFromQueue
                0x08006d7e       0x4c ./Middlewares/Third_Party/FreeRTOS/Source/queue.o
 .text.prvUnlockQueue
                0x08006dca       0xa4 ./Middlewares/Third_Party/FreeRTOS/Source/queue.o
 .text.prvIsQueueEmpty
                0x08006e6e       0x2c ./Middlewares/Third_Party/FreeRTOS/Source/queue.o
 .text.prvIsQueueFull
                0x08006e9a       0x30 ./Middlewares/Third_Party/FreeRTOS/Source/queue.o
 *fill*         0x08006eca        0x2 
 .text.vQueueAddToRegistry
                0x08006ecc       0x50 ./Middlewares/Third_Party/FreeRTOS/Source/queue.o
                0x08006ecc                vQueueAddToRegistry
 .text.vQueueWaitForMessageRestricted
                0x08006f1c       0x68 ./Middlewares/Third_Party/FreeRTOS/Source/queue.o
                0x08006f1c                vQueueWaitForMessageRestricted
 .text.xTaskCreateStatic
                0x08006f84       0xc0 ./Middlewares/Third_Party/FreeRTOS/Source/tasks.o
                0x08006f84                xTaskCreateStatic
 .text.xTaskCreate
                0x08007044       0x8a ./Middlewares/Third_Party/FreeRTOS/Source/tasks.o
                0x08007044                xTaskCreate
 .text.prvInitialiseNewTask
                0x080070ce      0x120 ./Middlewares/Third_Party/FreeRTOS/Source/tasks.o
 *fill*         0x080071ee        0x2 
 .text.prvAddNewTaskToReadyList
                0x080071f0       0xe0 ./Middlewares/Third_Party/FreeRTOS/Source/tasks.o
 .text.vTaskDelay
                0x080072d0       0x6c ./Middlewares/Third_Party/FreeRTOS/Source/tasks.o
                0x080072d0                vTaskDelay
 .text.vTaskStartScheduler
                0x0800733c       0xd0 ./Middlewares/Third_Party/FreeRTOS/Source/tasks.o
                0x0800733c                vTaskStartScheduler
 .text.vTaskSuspendAll
                0x0800740c       0x1c ./Middlewares/Third_Party/FreeRTOS/Source/tasks.o
                0x0800740c                vTaskSuspendAll
 .text.xTaskResumeAll
                0x08007428      0x13c ./Middlewares/Third_Party/FreeRTOS/Source/tasks.o
                0x08007428                xTaskResumeAll
 .text.xTaskGetTickCount
                0x08007564       0x1c ./Middlewares/Third_Party/FreeRTOS/Source/tasks.o
                0x08007564                xTaskGetTickCount
 .text.xTaskIncrementTick
                0x08007580      0x174 ./Middlewares/Third_Party/FreeRTOS/Source/tasks.o
                0x08007580                xTaskIncrementTick
 .text.vTaskSwitchContext
                0x080076f4       0xbc ./Middlewares/Third_Party/FreeRTOS/Source/tasks.o
                0x080076f4                vTaskSwitchContext
 .text.vTaskPlaceOnEventList
                0x080077b0       0x4c ./Middlewares/Third_Party/FreeRTOS/Source/tasks.o
                0x080077b0                vTaskPlaceOnEventList
 .text.vTaskPlaceOnEventListRestricted
                0x080077fc       0x58 ./Middlewares/Third_Party/FreeRTOS/Source/tasks.o
                0x080077fc                vTaskPlaceOnEventListRestricted
 .text.xTaskRemoveFromEventList
                0x08007854       0xc8 ./Middlewares/Third_Party/FreeRTOS/Source/tasks.o
                0x08007854                xTaskRemoveFromEventList
 .text.vTaskInternalSetTimeOutState
                0x0800791c       0x2c ./Middlewares/Third_Party/FreeRTOS/Source/tasks.o
                0x0800791c                vTaskInternalSetTimeOutState
 .text.xTaskCheckForTimeOut
                0x08007948       0xc8 ./Middlewares/Third_Party/FreeRTOS/Source/tasks.o
                0x08007948                xTaskCheckForTimeOut
 .text.vTaskMissedYield
                0x08007a10       0x18 ./Middlewares/Third_Party/FreeRTOS/Source/tasks.o
                0x08007a10                vTaskMissedYield
 .text.prvIdleTask
                0x08007a28       0x30 ./Middlewares/Third_Party/FreeRTOS/Source/tasks.o
 .text.prvInitialiseTaskLists
                0x08007a58       0x80 ./Middlewares/Third_Party/FreeRTOS/Source/tasks.o
 .text.prvCheckTasksWaitingTermination
                0x08007ad8       0x5c ./Middlewares/Third_Party/FreeRTOS/Source/tasks.o
 .text.prvDeleteTCB
                0x08007b34       0x60 ./Middlewares/Third_Party/FreeRTOS/Source/tasks.o
 .text.prvResetNextTaskUnblockTime
                0x08007b94       0x40 ./Middlewares/Third_Party/FreeRTOS/Source/tasks.o
 .text.xTaskGetSchedulerState
                0x08007bd4       0x3c ./Middlewares/Third_Party/FreeRTOS/Source/tasks.o
                0x08007bd4                xTaskGetSchedulerState
 .text.xTaskPriorityInherit
                0x08007c10       0xd0 ./Middlewares/Third_Party/FreeRTOS/Source/tasks.o
                0x08007c10                xTaskPriorityInherit
 .text.xTaskPriorityDisinherit
                0x08007ce0       0xe0 ./Middlewares/Third_Party/FreeRTOS/Source/tasks.o
                0x08007ce0                xTaskPriorityDisinherit
 .text.vTaskPriorityDisinheritAfterTimeout
                0x08007dc0      0x108 ./Middlewares/Third_Party/FreeRTOS/Source/tasks.o
                0x08007dc0                vTaskPriorityDisinheritAfterTimeout
 .text.pvTaskIncrementMutexHeldCount
                0x08007ec8       0x28 ./Middlewares/Third_Party/FreeRTOS/Source/tasks.o
                0x08007ec8                pvTaskIncrementMutexHeldCount
 .text.prvAddCurrentTaskToDelayedList
                0x08007ef0       0xa8 ./Middlewares/Third_Party/FreeRTOS/Source/tasks.o
 .text.xTimerCreateTimerTask
                0x08007f98       0x94 ./Middlewares/Third_Party/FreeRTOS/Source/timers.o
                0x08007f98                xTimerCreateTimerTask
 .text.xTimerGenericCommand
                0x0800802c       0x9c ./Middlewares/Third_Party/FreeRTOS/Source/timers.o
                0x0800802c                xTimerGenericCommand
 .text.prvProcessExpiredTimer
                0x080080c8       0x9c ./Middlewares/Third_Party/FreeRTOS/Source/timers.o
 .text.prvTimerTask
                0x08008164       0x26 ./Middlewares/Third_Party/FreeRTOS/Source/timers.o
 *fill*         0x0800818a        0x2 
 .text.prvProcessTimerOrBlockTask
                0x0800818c       0x9c ./Middlewares/Third_Party/FreeRTOS/Source/timers.o
 .text.prvGetNextExpireTime
                0x08008228       0x44 ./Middlewares/Third_Party/FreeRTOS/Source/timers.o
 .text.prvSampleTimeNow
                0x0800826c       0x40 ./Middlewares/Third_Party/FreeRTOS/Source/timers.o
 .text.prvInsertTimerInActiveList
                0x080082ac       0x84 ./Middlewares/Third_Party/FreeRTOS/Source/timers.o
 .text.prvProcessReceivedCommands
                0x08008330      0x1cc ./Middlewares/Third_Party/FreeRTOS/Source/timers.o
 .text.prvSwitchTimerLists
                0x080084fc       0xcc ./Middlewares/Third_Party/FreeRTOS/Source/timers.o
 .text.prvCheckForValidListAndQueue
                0x080085c8       0x80 ./Middlewares/Third_Party/FreeRTOS/Source/timers.o
 .text.pxPortInitialiseStack
                0x08008648       0x58 ./Middlewares/Third_Party/FreeRTOS/Source/portable/GCC/ARM_CM3/port.o
                0x08008648                pxPortInitialiseStack
 .text.prvTaskExitError
                0x080086a0       0x58 ./Middlewares/Third_Party/FreeRTOS/Source/portable/GCC/ARM_CM3/port.o
 *fill*         0x080086f8        0x8 
 .text.SVC_Handler
                0x08008700       0x28 ./Middlewares/Third_Party/FreeRTOS/Source/portable/GCC/ARM_CM3/port.o
                0x08008700                SVC_Handler
 .text.prvPortStartFirstTask
                0x08008728       0x20 ./Middlewares/Third_Party/FreeRTOS/Source/portable/GCC/ARM_CM3/port.o
 .text.xPortStartScheduler
                0x08008748       0xe4 ./Middlewares/Third_Party/FreeRTOS/Source/portable/GCC/ARM_CM3/port.o
                0x08008748                xPortStartScheduler
 .text.vPortEnterCritical
                0x0800882c       0x60 ./Middlewares/Third_Party/FreeRTOS/Source/portable/GCC/ARM_CM3/port.o
                0x0800882c                vPortEnterCritical
 .text.vPortExitCritical
                0x0800888c       0x54 ./Middlewares/Third_Party/FreeRTOS/Source/portable/GCC/ARM_CM3/port.o
                0x0800888c                vPortExitCritical
 .text.PendSV_Handler
                0x080088e0       0x48 ./Middlewares/Third_Party/FreeRTOS/Source/portable/GCC/ARM_CM3/port.o
                0x080088e0                PendSV_Handler
 .text.xPortSysTickHandler
                0x08008928       0x44 ./Middlewares/Third_Party/FreeRTOS/Source/portable/GCC/ARM_CM3/port.o
                0x08008928                xPortSysTickHandler
 .text.vPortSetupTimerInterrupt
                0x0800896c       0x44 ./Middlewares/Third_Party/FreeRTOS/Source/portable/GCC/ARM_CM3/port.o
                0x0800896c                vPortSetupTimerInterrupt
 .text.vPortValidateInterruptPriority
                0x080089b0       0x80 ./Middlewares/Third_Party/FreeRTOS/Source/portable/GCC/ARM_CM3/port.o
                0x080089b0                vPortValidateInterruptPriority
 .text.pvPortMalloc
                0x08008a30      0x19c ./Middlewares/Third_Party/FreeRTOS/Source/portable/MemMang/heap_4.o
                0x08008a30                pvPortMalloc
 .text.vPortFree
                0x08008bcc       0xc8 ./Middlewares/Third_Party/FreeRTOS/Source/portable/MemMang/heap_4.o
                0x08008bcc                vPortFree
 .text.prvHeapInit
                0x08008c94       0xc4 ./Middlewares/Third_Party/FreeRTOS/Source/portable/MemMang/heap_4.o
 .text.prvInsertBlockIntoFreeList
                0x08008d58       0xb0 ./Middlewares/Third_Party/FreeRTOS/Source/portable/MemMang/heap_4.o
 .text._Znwj    0x08008e08       0x22 C:/ST/STM32CubeIDE_1.18.1/STM32CubeIDE/plugins/com.st.stm32cube.ide.mcu.externaltools.gnu-tools-for-stm32.13.3.rel1.win32_1.0.0.202411081344/tools/bin/../lib/gcc/arm-none-eabi/13.3.1/../../../../arm-none-eabi/lib/thumb/v7-m/nofp\libstdc++_nano.a(new_op.o)
                0x08008e08                operator new(unsigned int)
 *fill*         0x08008e2a        0x2 
 .text._ZSt15get_new_handlerv
                0x08008e2c       0x10 C:/ST/STM32CubeIDE_1.18.1/STM32CubeIDE/plugins/com.st.stm32cube.ide.mcu.externaltools.gnu-tools-for-stm32.13.3.rel1.win32_1.0.0.202411081344/tools/bin/../lib/gcc/arm-none-eabi/13.3.1/../../../../arm-none-eabi/lib/thumb/v7-m/nofp\libstdc++_nano.a(new_handler.o)
                0x08008e2c                std::get_new_handler()
 .text.abort    0x08008e3c        0xe C:/ST/STM32CubeIDE_1.18.1/STM32CubeIDE/plugins/com.st.stm32cube.ide.mcu.externaltools.gnu-tools-for-stm32.13.3.rel1.win32_1.0.0.202411081344/tools/bin/../lib/gcc/arm-none-eabi/13.3.1/../../../../arm-none-eabi/lib/thumb/v7-m/nofp\libc_nano.a(libc_a-abort.o)
                0x08008e3c                abort
 *fill*         0x08008e4a        0x2 
 .text.malloc   0x08008e4c       0x10 C:/ST/STM32CubeIDE_1.18.1/STM32CubeIDE/plugins/com.st.stm32cube.ide.mcu.externaltools.gnu-tools-for-stm32.13.3.rel1.win32_1.0.0.202411081344/tools/bin/../lib/gcc/arm-none-eabi/13.3.1/../../../../arm-none-eabi/lib/thumb/v7-m/nofp\libc_nano.a(libc_a-malloc.o)
                0x08008e4c                malloc
 .text.sbrk_aligned
                0x08008e5c       0x44 C:/ST/STM32CubeIDE_1.18.1/STM32CubeIDE/plugins/com.st.stm32cube.ide.mcu.externaltools.gnu-tools-for-stm32.13.3.rel1.win32_1.0.0.202411081344/tools/bin/../lib/gcc/arm-none-eabi/13.3.1/../../../../arm-none-eabi/lib/thumb/v7-m/nofp\libc_nano.a(libc_a-mallocr.o)
 .text._malloc_r
                0x08008ea0      0x100 C:/ST/STM32CubeIDE_1.18.1/STM32CubeIDE/plugins/com.st.stm32cube.ide.mcu.externaltools.gnu-tools-for-stm32.13.3.rel1.win32_1.0.0.202411081344/tools/bin/../lib/gcc/arm-none-eabi/13.3.1/../../../../arm-none-eabi/lib/thumb/v7-m/nofp\libc_nano.a(libc_a-mallocr.o)
                0x08008ea0                _malloc_r
 .text.__malloc_lock
                0x08008fa0        0xc C:/ST/STM32CubeIDE_1.18.1/STM32CubeIDE/plugins/com.st.stm32cube.ide.mcu.externaltools.gnu-tools-for-stm32.13.3.rel1.win32_1.0.0.202411081344/tools/bin/../lib/gcc/arm-none-eabi/13.3.1/../../../../arm-none-eabi/lib/thumb/v7-m/nofp\libc_nano.a(libc_a-mlock.o)
                0x08008fa0                __malloc_lock
 .text.__malloc_unlock
                0x08008fac        0xc C:/ST/STM32CubeIDE_1.18.1/STM32CubeIDE/plugins/com.st.stm32cube.ide.mcu.externaltools.gnu-tools-for-stm32.13.3.rel1.win32_1.0.0.202411081344/tools/bin/../lib/gcc/arm-none-eabi/13.3.1/../../../../arm-none-eabi/lib/thumb/v7-m/nofp\libc_nano.a(libc_a-mlock.o)
                0x08008fac                __malloc_unlock
 .text.__cvt    0x08008fb8       0xc8 C:/ST/STM32CubeIDE_1.18.1/STM32CubeIDE/plugins/com.st.stm32cube.ide.mcu.externaltools.gnu-tools-for-stm32.13.3.rel1.win32_1.0.0.202411081344/tools/bin/../lib/gcc/arm-none-eabi/13.3.1/../../../../arm-none-eabi/lib/thumb/v7-m/nofp\libc_nano.a(libc_a-nano-vfprintf_float.o)
                0x08008fb8                __cvt
 .text.__exponent
                0x08009080       0x74 C:/ST/STM32CubeIDE_1.18.1/STM32CubeIDE/plugins/com.st.stm32cube.ide.mcu.externaltools.gnu-tools-for-stm32.13.3.rel1.win32_1.0.0.202411081344/tools/bin/../lib/gcc/arm-none-eabi/13.3.1/../../../../arm-none-eabi/lib/thumb/v7-m/nofp\libc_nano.a(libc_a-nano-vfprintf_float.o)
                0x08009080                __exponent
 .text._printf_float
                0x080090f4      0x458 C:/ST/STM32CubeIDE_1.18.1/STM32CubeIDE/plugins/com.st.stm32cube.ide.mcu.externaltools.gnu-tools-for-stm32.13.3.rel1.win32_1.0.0.202411081344/tools/bin/../lib/gcc/arm-none-eabi/13.3.1/../../../../arm-none-eabi/lib/thumb/v7-m/nofp\libc_nano.a(libc_a-nano-vfprintf_float.o)
                0x080090f4                _printf_float
 .text._printf_common
                0x0800954c       0xe4 C:/ST/STM32CubeIDE_1.18.1/STM32CubeIDE/plugins/com.st.stm32cube.ide.mcu.externaltools.gnu-tools-for-stm32.13.3.rel1.win32_1.0.0.202411081344/tools/bin/../lib/gcc/arm-none-eabi/13.3.1/../../../../arm-none-eabi/lib/thumb/v7-m/nofp\libc_nano.a(libc_a-nano-vfprintf_i.o)
                0x0800954c                _printf_common
 .text._printf_i
                0x08009630      0x23c C:/ST/STM32CubeIDE_1.18.1/STM32CubeIDE/plugins/com.st.stm32cube.ide.mcu.externaltools.gnu-tools-for-stm32.13.3.rel1.win32_1.0.0.202411081344/tools/bin/../lib/gcc/arm-none-eabi/13.3.1/../../../../arm-none-eabi/lib/thumb/v7-m/nofp\libc_nano.a(libc_a-nano-vfprintf_i.o)
                0x08009630                _printf_i
 .text.std      0x0800986c       0x6c C:/ST/STM32CubeIDE_1.18.1/STM32CubeIDE/plugins/com.st.stm32cube.ide.mcu.externaltools.gnu-tools-for-stm32.13.3.rel1.win32_1.0.0.202411081344/tools/bin/../lib/gcc/arm-none-eabi/13.3.1/../../../../arm-none-eabi/lib/thumb/v7-m/nofp\libc_nano.a(libc_a-findfp.o)
 .text.stdio_exit_handler
                0x080098d8       0x18 C:/ST/STM32CubeIDE_1.18.1/STM32CubeIDE/plugins/com.st.stm32cube.ide.mcu.externaltools.gnu-tools-for-stm32.13.3.rel1.win32_1.0.0.202411081344/tools/bin/../lib/gcc/arm-none-eabi/13.3.1/../../../../arm-none-eabi/lib/thumb/v7-m/nofp\libc_nano.a(libc_a-findfp.o)
 .text.cleanup_stdio
                0x080098f0       0x40 C:/ST/STM32CubeIDE_1.18.1/STM32CubeIDE/plugins/com.st.stm32cube.ide.mcu.externaltools.gnu-tools-for-stm32.13.3.rel1.win32_1.0.0.202411081344/tools/bin/../lib/gcc/arm-none-eabi/13.3.1/../../../../arm-none-eabi/lib/thumb/v7-m/nofp\libc_nano.a(libc_a-findfp.o)
 .text.global_stdio_init.part.0
                0x08009930       0x3c C:/ST/STM32CubeIDE_1.18.1/STM32CubeIDE/plugins/com.st.stm32cube.ide.mcu.externaltools.gnu-tools-for-stm32.13.3.rel1.win32_1.0.0.202411081344/tools/bin/../lib/gcc/arm-none-eabi/13.3.1/../../../../arm-none-eabi/lib/thumb/v7-m/nofp\libc_nano.a(libc_a-findfp.o)
 .text.__sfp_lock_acquire
                0x0800996c        0xc C:/ST/STM32CubeIDE_1.18.1/STM32CubeIDE/plugins/com.st.stm32cube.ide.mcu.externaltools.gnu-tools-for-stm32.13.3.rel1.win32_1.0.0.202411081344/tools/bin/../lib/gcc/arm-none-eabi/13.3.1/../../../../arm-none-eabi/lib/thumb/v7-m/nofp\libc_nano.a(libc_a-findfp.o)
                0x0800996c                __sfp_lock_acquire
 .text.__sfp_lock_release
                0x08009978        0xc C:/ST/STM32CubeIDE_1.18.1/STM32CubeIDE/plugins/com.st.stm32cube.ide.mcu.externaltools.gnu-tools-for-stm32.13.3.rel1.win32_1.0.0.202411081344/tools/bin/../lib/gcc/arm-none-eabi/13.3.1/../../../../arm-none-eabi/lib/thumb/v7-m/nofp\libc_nano.a(libc_a-findfp.o)
                0x08009978                __sfp_lock_release
 .text.__sinit  0x08009984       0x30 C:/ST/STM32CubeIDE_1.18.1/STM32CubeIDE/plugins/com.st.stm32cube.ide.mcu.externaltools.gnu-tools-for-stm32.13.3.rel1.win32_1.0.0.202411081344/tools/bin/../lib/gcc/arm-none-eabi/13.3.1/../../../../arm-none-eabi/lib/thumb/v7-m/nofp\libc_nano.a(libc_a-findfp.o)
                0x08009984                __sinit
 .text._fwalk_sglue
                0x080099b4       0x3c C:/ST/STM32CubeIDE_1.18.1/STM32CubeIDE/plugins/com.st.stm32cube.ide.mcu.externaltools.gnu-tools-for-stm32.13.3.rel1.win32_1.0.0.202411081344/tools/bin/../lib/gcc/arm-none-eabi/13.3.1/../../../../arm-none-eabi/lib/thumb/v7-m/nofp\libc_nano.a(libc_a-fwalk.o)
                0x080099b4                _fwalk_sglue
 .text.__sread  0x080099f0       0x22 C:/ST/STM32CubeIDE_1.18.1/STM32CubeIDE/plugins/com.st.stm32cube.ide.mcu.externaltools.gnu-tools-for-stm32.13.3.rel1.win32_1.0.0.202411081344/tools/bin/../lib/gcc/arm-none-eabi/13.3.1/../../../../arm-none-eabi/lib/thumb/v7-m/nofp\libc_nano.a(libc_a-stdio.o)
                0x080099f0                __sread
 .text.__swrite
                0x08009a12       0x38 C:/ST/STM32CubeIDE_1.18.1/STM32CubeIDE/plugins/com.st.stm32cube.ide.mcu.externaltools.gnu-tools-for-stm32.13.3.rel1.win32_1.0.0.202411081344/tools/bin/../lib/gcc/arm-none-eabi/13.3.1/../../../../arm-none-eabi/lib/thumb/v7-m/nofp\libc_nano.a(libc_a-stdio.o)
                0x08009a12                __swrite
 .text.__sseek  0x08009a4a       0x24 C:/ST/STM32CubeIDE_1.18.1/STM32CubeIDE/plugins/com.st.stm32cube.ide.mcu.externaltools.gnu-tools-for-stm32.13.3.rel1.win32_1.0.0.202411081344/tools/bin/../lib/gcc/arm-none-eabi/13.3.1/../../../../arm-none-eabi/lib/thumb/v7-m/nofp\libc_nano.a(libc_a-stdio.o)
                0x08009a4a                __sseek
 .text.__sclose
                0x08009a6e        0x8 C:/ST/STM32CubeIDE_1.18.1/STM32CubeIDE/plugins/com.st.stm32cube.ide.mcu.externaltools.gnu-tools-for-stm32.13.3.rel1.win32_1.0.0.202411081344/tools/bin/../lib/gcc/arm-none-eabi/13.3.1/../../../../arm-none-eabi/lib/thumb/v7-m/nofp\libc_nano.a(libc_a-stdio.o)
                0x08009a6e                __sclose
 .text._vsnprintf_r
                0x08009a76       0x5c C:/ST/STM32CubeIDE_1.18.1/STM32CubeIDE/plugins/com.st.stm32cube.ide.mcu.externaltools.gnu-tools-for-stm32.13.3.rel1.win32_1.0.0.202411081344/tools/bin/../lib/gcc/arm-none-eabi/13.3.1/../../../../arm-none-eabi/lib/thumb/v7-m/nofp\libc_nano.a(libc_a-vsnprintf.o)
                0x08009a76                _vsniprintf_r
                0x08009a76                _vsnprintf_r
 *fill*         0x08009ad2        0x2 
 .text.vsnprintf
                0x08009ad4       0x1c C:/ST/STM32CubeIDE_1.18.1/STM32CubeIDE/plugins/com.st.stm32cube.ide.mcu.externaltools.gnu-tools-for-stm32.13.3.rel1.win32_1.0.0.202411081344/tools/bin/../lib/gcc/arm-none-eabi/13.3.1/../../../../arm-none-eabi/lib/thumb/v7-m/nofp\libc_nano.a(libc_a-vsnprintf.o)
                0x08009ad4                vsniprintf
                0x08009ad4                vsnprintf
 .text.memset   0x08009af0       0x10 C:/ST/STM32CubeIDE_1.18.1/STM32CubeIDE/plugins/com.st.stm32cube.ide.mcu.externaltools.gnu-tools-for-stm32.13.3.rel1.win32_1.0.0.202411081344/tools/bin/../lib/gcc/arm-none-eabi/13.3.1/../../../../arm-none-eabi/lib/thumb/v7-m/nofp\libc_nano.a(libc_a-memset.o)
                0x08009af0                memset
 .text._raise_r
                0x08009b00       0x50 C:/ST/STM32CubeIDE_1.18.1/STM32CubeIDE/plugins/com.st.stm32cube.ide.mcu.externaltools.gnu-tools-for-stm32.13.3.rel1.win32_1.0.0.202411081344/tools/bin/../lib/gcc/arm-none-eabi/13.3.1/../../../../arm-none-eabi/lib/thumb/v7-m/nofp\libc_nano.a(libc_a-signal.o)
                0x08009b00                _raise_r
 .text.raise    0x08009b50       0x10 C:/ST/STM32CubeIDE_1.18.1/STM32CubeIDE/plugins/com.st.stm32cube.ide.mcu.externaltools.gnu-tools-for-stm32.13.3.rel1.win32_1.0.0.202411081344/tools/bin/../lib/gcc/arm-none-eabi/13.3.1/../../../../arm-none-eabi/lib/thumb/v7-m/nofp\libc_nano.a(libc_a-signal.o)
                0x08009b50                raise
 .text._localeconv_r
                0x08009b60        0x8 C:/ST/STM32CubeIDE_1.18.1/STM32CubeIDE/plugins/com.st.stm32cube.ide.mcu.externaltools.gnu-tools-for-stm32.13.3.rel1.win32_1.0.0.202411081344/tools/bin/../lib/gcc/arm-none-eabi/13.3.1/../../../../arm-none-eabi/lib/thumb/v7-m/nofp\libc_nano.a(libc_a-localeconv.o)
                0x08009b60                _localeconv_r
 .text._close_r
                0x08009b68       0x20 C:/ST/STM32CubeIDE_1.18.1/STM32CubeIDE/plugins/com.st.stm32cube.ide.mcu.externaltools.gnu-tools-for-stm32.13.3.rel1.win32_1.0.0.202411081344/tools/bin/../lib/gcc/arm-none-eabi/13.3.1/../../../../arm-none-eabi/lib/thumb/v7-m/nofp\libc_nano.a(libc_a-closer.o)
                0x08009b68                _close_r
 .text._lseek_r
                0x08009b88       0x24 C:/ST/STM32CubeIDE_1.18.1/STM32CubeIDE/plugins/com.st.stm32cube.ide.mcu.externaltools.gnu-tools-for-stm32.13.3.rel1.win32_1.0.0.202411081344/tools/bin/../lib/gcc/arm-none-eabi/13.3.1/../../../../arm-none-eabi/lib/thumb/v7-m/nofp\libc_nano.a(libc_a-lseekr.o)
                0x08009b88                _lseek_r
 .text._read_r  0x08009bac       0x24 C:/ST/STM32CubeIDE_1.18.1/STM32CubeIDE/plugins/com.st.stm32cube.ide.mcu.externaltools.gnu-tools-for-stm32.13.3.rel1.win32_1.0.0.202411081344/tools/bin/../lib/gcc/arm-none-eabi/13.3.1/../../../../arm-none-eabi/lib/thumb/v7-m/nofp\libc_nano.a(libc_a-readr.o)
                0x08009bac                _read_r
 .text._kill_r  0x08009bd0       0x24 C:/ST/STM32CubeIDE_1.18.1/STM32CubeIDE/plugins/com.st.stm32cube.ide.mcu.externaltools.gnu-tools-for-stm32.13.3.rel1.win32_1.0.0.202411081344/tools/bin/../lib/gcc/arm-none-eabi/13.3.1/../../../../arm-none-eabi/lib/thumb/v7-m/nofp\libc_nano.a(libc_a-signalr.o)
                0x08009bd0                _kill_r
 .text._getpid_r
                0x08009bf4        0x4 C:/ST/STM32CubeIDE_1.18.1/STM32CubeIDE/plugins/com.st.stm32cube.ide.mcu.externaltools.gnu-tools-for-stm32.13.3.rel1.win32_1.0.0.202411081344/tools/bin/../lib/gcc/arm-none-eabi/13.3.1/../../../../arm-none-eabi/lib/thumb/v7-m/nofp\libc_nano.a(libc_a-signalr.o)
                0x08009bf4                _getpid_r
 .text._sbrk_r  0x08009bf8       0x20 C:/ST/STM32CubeIDE_1.18.1/STM32CubeIDE/plugins/com.st.stm32cube.ide.mcu.externaltools.gnu-tools-for-stm32.13.3.rel1.win32_1.0.0.202411081344/tools/bin/../lib/gcc/arm-none-eabi/13.3.1/../../../../arm-none-eabi/lib/thumb/v7-m/nofp\libc_nano.a(libc_a-sbrkr.o)
                0x08009bf8                _sbrk_r
 .text._write_r
                0x08009c18       0x24 C:/ST/STM32CubeIDE_1.18.1/STM32CubeIDE/plugins/com.st.stm32cube.ide.mcu.externaltools.gnu-tools-for-stm32.13.3.rel1.win32_1.0.0.202411081344/tools/bin/../lib/gcc/arm-none-eabi/13.3.1/../../../../arm-none-eabi/lib/thumb/v7-m/nofp\libc_nano.a(libc_a-writer.o)
                0x08009c18                _write_r
 .text.__errno  0x08009c3c        0xc C:/ST/STM32CubeIDE_1.18.1/STM32CubeIDE/plugins/com.st.stm32cube.ide.mcu.externaltools.gnu-tools-for-stm32.13.3.rel1.win32_1.0.0.202411081344/tools/bin/../lib/gcc/arm-none-eabi/13.3.1/../../../../arm-none-eabi/lib/thumb/v7-m/nofp\libc_nano.a(libc_a-errno.o)
                0x08009c3c                __errno
 .text.__libc_init_array
                0x08009c48       0x48 C:/ST/STM32CubeIDE_1.18.1/STM32CubeIDE/plugins/com.st.stm32cube.ide.mcu.externaltools.gnu-tools-for-stm32.13.3.rel1.win32_1.0.0.202411081344/tools/bin/../lib/gcc/arm-none-eabi/13.3.1/../../../../arm-none-eabi/lib/thumb/v7-m/nofp\libc_nano.a(libc_a-init.o)
                0x08009c48                __libc_init_array
 .text.__retarget_lock_init_recursive
                0x08009c90        0x2 C:/ST/STM32CubeIDE_1.18.1/STM32CubeIDE/plugins/com.st.stm32cube.ide.mcu.externaltools.gnu-tools-for-stm32.13.3.rel1.win32_1.0.0.202411081344/tools/bin/../lib/gcc/arm-none-eabi/13.3.1/../../../../arm-none-eabi/lib/thumb/v7-m/nofp\libc_nano.a(libc_a-lock.o)
                0x08009c90                __retarget_lock_init_recursive
 .text.__retarget_lock_acquire_recursive
                0x08009c92        0x2 C:/ST/STM32CubeIDE_1.18.1/STM32CubeIDE/plugins/com.st.stm32cube.ide.mcu.externaltools.gnu-tools-for-stm32.13.3.rel1.win32_1.0.0.202411081344/tools/bin/../lib/gcc/arm-none-eabi/13.3.1/../../../../arm-none-eabi/lib/thumb/v7-m/nofp\libc_nano.a(libc_a-lock.o)
                0x08009c92                __retarget_lock_acquire_recursive
 .text.__retarget_lock_release_recursive
                0x08009c94        0x2 C:/ST/STM32CubeIDE_1.18.1/STM32CubeIDE/plugins/com.st.stm32cube.ide.mcu.externaltools.gnu-tools-for-stm32.13.3.rel1.win32_1.0.0.202411081344/tools/bin/../lib/gcc/arm-none-eabi/13.3.1/../../../../arm-none-eabi/lib/thumb/v7-m/nofp\libc_nano.a(libc_a-lock.o)
                0x08009c94                __retarget_lock_release_recursive
 .text.memchr   0x08009c96       0x1c C:/ST/STM32CubeIDE_1.18.1/STM32CubeIDE/plugins/com.st.stm32cube.ide.mcu.externaltools.gnu-tools-for-stm32.13.3.rel1.win32_1.0.0.202411081344/tools/bin/../lib/gcc/arm-none-eabi/13.3.1/../../../../arm-none-eabi/lib/thumb/v7-m/nofp\libc_nano.a(libc_a-memchr-stub.o)
                0x08009c96                memchr
 .text.memcpy   0x08009cb2       0x1c C:/ST/STM32CubeIDE_1.18.1/STM32CubeIDE/plugins/com.st.stm32cube.ide.mcu.externaltools.gnu-tools-for-stm32.13.3.rel1.win32_1.0.0.202411081344/tools/bin/../lib/gcc/arm-none-eabi/13.3.1/../../../../arm-none-eabi/lib/thumb/v7-m/nofp\libc_nano.a(libc_a-memcpy-stub.o)
                0x08009cb2                memcpy
 .text.quorem   0x08009cce      0x110 C:/ST/STM32CubeIDE_1.18.1/STM32CubeIDE/plugins/com.st.stm32cube.ide.mcu.externaltools.gnu-tools-for-stm32.13.3.rel1.win32_1.0.0.202411081344/tools/bin/../lib/gcc/arm-none-eabi/13.3.1/../../../../arm-none-eabi/lib/thumb/v7-m/nofp\libc_nano.a(libc_a-dtoa.o)
 *fill*         0x08009dde        0x2 
 .text._dtoa_r  0x08009de0      0xba8 C:/ST/STM32CubeIDE_1.18.1/STM32CubeIDE/plugins/com.st.stm32cube.ide.mcu.externaltools.gnu-tools-for-stm32.13.3.rel1.win32_1.0.0.202411081344/tools/bin/../lib/gcc/arm-none-eabi/13.3.1/../../../../arm-none-eabi/lib/thumb/v7-m/nofp\libc_nano.a(libc_a-dtoa.o)
                0x08009de0                _dtoa_r
 .text._free_r  0x0800a988       0x90 C:/ST/STM32CubeIDE_1.18.1/STM32CubeIDE/plugins/com.st.stm32cube.ide.mcu.externaltools.gnu-tools-for-stm32.13.3.rel1.win32_1.0.0.202411081344/tools/bin/../lib/gcc/arm-none-eabi/13.3.1/../../../../arm-none-eabi/lib/thumb/v7-m/nofp\libc_nano.a(libc_a-freer.o)
                0x0800a988                _free_r
 .text._Balloc  0x0800aa18       0x80 C:/ST/STM32CubeIDE_1.18.1/STM32CubeIDE/plugins/com.st.stm32cube.ide.mcu.externaltools.gnu-tools-for-stm32.13.3.rel1.win32_1.0.0.202411081344/tools/bin/../lib/gcc/arm-none-eabi/13.3.1/../../../../arm-none-eabi/lib/thumb/v7-m/nofp\libc_nano.a(libc_a-mprec.o)
                0x0800aa18                _Balloc
 .text._Bfree   0x0800aa98       0x44 C:/ST/STM32CubeIDE_1.18.1/STM32CubeIDE/plugins/com.st.stm32cube.ide.mcu.externaltools.gnu-tools-for-stm32.13.3.rel1.win32_1.0.0.202411081344/tools/bin/../lib/gcc/arm-none-eabi/13.3.1/../../../../arm-none-eabi/lib/thumb/v7-m/nofp\libc_nano.a(libc_a-mprec.o)
                0x0800aa98                _Bfree
 .text.__multadd
                0x0800aadc       0x8c C:/ST/STM32CubeIDE_1.18.1/STM32CubeIDE/plugins/com.st.stm32cube.ide.mcu.externaltools.gnu-tools-for-stm32.13.3.rel1.win32_1.0.0.202411081344/tools/bin/../lib/gcc/arm-none-eabi/13.3.1/../../../../arm-none-eabi/lib/thumb/v7-m/nofp\libc_nano.a(libc_a-mprec.o)
                0x0800aadc                __multadd
 .text.__hi0bits
                0x0800ab68       0x3e C:/ST/STM32CubeIDE_1.18.1/STM32CubeIDE/plugins/com.st.stm32cube.ide.mcu.externaltools.gnu-tools-for-stm32.13.3.rel1.win32_1.0.0.202411081344/tools/bin/../lib/gcc/arm-none-eabi/13.3.1/../../../../arm-none-eabi/lib/thumb/v7-m/nofp\libc_nano.a(libc_a-mprec.o)
                0x0800ab68                __hi0bits
 .text.__lo0bits
                0x0800aba6       0x5a C:/ST/STM32CubeIDE_1.18.1/STM32CubeIDE/plugins/com.st.stm32cube.ide.mcu.externaltools.gnu-tools-for-stm32.13.3.rel1.win32_1.0.0.202411081344/tools/bin/../lib/gcc/arm-none-eabi/13.3.1/../../../../arm-none-eabi/lib/thumb/v7-m/nofp\libc_nano.a(libc_a-mprec.o)
                0x0800aba6                __lo0bits
 .text.__i2b    0x0800ac00       0x2c C:/ST/STM32CubeIDE_1.18.1/STM32CubeIDE/plugins/com.st.stm32cube.ide.mcu.externaltools.gnu-tools-for-stm32.13.3.rel1.win32_1.0.0.202411081344/tools/bin/../lib/gcc/arm-none-eabi/13.3.1/../../../../arm-none-eabi/lib/thumb/v7-m/nofp\libc_nano.a(libc_a-mprec.o)
                0x0800ac00                __i2b
 .text.__multiply
                0x0800ac2c      0x144 C:/ST/STM32CubeIDE_1.18.1/STM32CubeIDE/plugins/com.st.stm32cube.ide.mcu.externaltools.gnu-tools-for-stm32.13.3.rel1.win32_1.0.0.202411081344/tools/bin/../lib/gcc/arm-none-eabi/13.3.1/../../../../arm-none-eabi/lib/thumb/v7-m/nofp\libc_nano.a(libc_a-mprec.o)
                0x0800ac2c                __multiply
 .text.__pow5mult
                0x0800ad70       0xb4 C:/ST/STM32CubeIDE_1.18.1/STM32CubeIDE/plugins/com.st.stm32cube.ide.mcu.externaltools.gnu-tools-for-stm32.13.3.rel1.win32_1.0.0.202411081344/tools/bin/../lib/gcc/arm-none-eabi/13.3.1/../../../../arm-none-eabi/lib/thumb/v7-m/nofp\libc_nano.a(libc_a-mprec.o)
                0x0800ad70                __pow5mult
 .text.__lshift
                0x0800ae24       0xd8 C:/ST/STM32CubeIDE_1.18.1/STM32CubeIDE/plugins/com.st.stm32cube.ide.mcu.externaltools.gnu-tools-for-stm32.13.3.rel1.win32_1.0.0.202411081344/tools/bin/../lib/gcc/arm-none-eabi/13.3.1/../../../../arm-none-eabi/lib/thumb/v7-m/nofp\libc_nano.a(libc_a-mprec.o)
                0x0800ae24                __lshift
 .text.__mcmp   0x0800aefc       0x36 C:/ST/STM32CubeIDE_1.18.1/STM32CubeIDE/plugins/com.st.stm32cube.ide.mcu.externaltools.gnu-tools-for-stm32.13.3.rel1.win32_1.0.0.202411081344/tools/bin/../lib/gcc/arm-none-eabi/13.3.1/../../../../arm-none-eabi/lib/thumb/v7-m/nofp\libc_nano.a(libc_a-mprec.o)
                0x0800aefc                __mcmp
 *fill*         0x0800af32        0x2 
 .text.__mdiff  0x0800af34      0x128 C:/ST/STM32CubeIDE_1.18.1/STM32CubeIDE/plugins/com.st.stm32cube.ide.mcu.externaltools.gnu-tools-for-stm32.13.3.rel1.win32_1.0.0.202411081344/tools/bin/../lib/gcc/arm-none-eabi/13.3.1/../../../../arm-none-eabi/lib/thumb/v7-m/nofp\libc_nano.a(libc_a-mprec.o)
                0x0800af34                __mdiff
 .text.__d2b    0x0800b05c       0xb0 C:/ST/STM32CubeIDE_1.18.1/STM32CubeIDE/plugins/com.st.stm32cube.ide.mcu.externaltools.gnu-tools-for-stm32.13.3.rel1.win32_1.0.0.202411081344/tools/bin/../lib/gcc/arm-none-eabi/13.3.1/../../../../arm-none-eabi/lib/thumb/v7-m/nofp\libc_nano.a(libc_a-mprec.o)
                0x0800b05c                __d2b
 .text.__ssputs_r
                0x0800b10c       0xb6 C:/ST/STM32CubeIDE_1.18.1/STM32CubeIDE/plugins/com.st.stm32cube.ide.mcu.externaltools.gnu-tools-for-stm32.13.3.rel1.win32_1.0.0.202411081344/tools/bin/../lib/gcc/arm-none-eabi/13.3.1/../../../../arm-none-eabi/lib/thumb/v7-m/nofp\libc_nano.a(libc_a-nano-svfprintf.o)
                0x0800b10c                __ssputs_r
 *fill*         0x0800b1c2        0x2 
 .text._svfprintf_r
                0x0800b1c4      0x1f8 C:/ST/STM32CubeIDE_1.18.1/STM32CubeIDE/plugins/com.st.stm32cube.ide.mcu.externaltools.gnu-tools-for-stm32.13.3.rel1.win32_1.0.0.202411081344/tools/bin/../lib/gcc/arm-none-eabi/13.3.1/../../../../arm-none-eabi/lib/thumb/v7-m/nofp\libc_nano.a(libc_a-nano-svfprintf.o)
                0x0800b1c4                _svfiprintf_r
                0x0800b1c4                _svfprintf_r
 .text.__sflush_r
                0x0800b3bc      0x100 C:/ST/STM32CubeIDE_1.18.1/STM32CubeIDE/plugins/com.st.stm32cube.ide.mcu.externaltools.gnu-tools-for-stm32.13.3.rel1.win32_1.0.0.202411081344/tools/bin/../lib/gcc/arm-none-eabi/13.3.1/../../../../arm-none-eabi/lib/thumb/v7-m/nofp\libc_nano.a(libc_a-fflush.o)
                0x0800b3bc                __sflush_r
 .text._fflush_r
                0x0800b4bc       0x50 C:/ST/STM32CubeIDE_1.18.1/STM32CubeIDE/plugins/com.st.stm32cube.ide.mcu.externaltools.gnu-tools-for-stm32.13.3.rel1.win32_1.0.0.202411081344/tools/bin/../lib/gcc/arm-none-eabi/13.3.1/../../../../arm-none-eabi/lib/thumb/v7-m/nofp\libc_nano.a(libc_a-fflush.o)
                0x0800b4bc                _fflush_r
 .text.memmove  0x0800b50c       0x34 C:/ST/STM32CubeIDE_1.18.1/STM32CubeIDE/plugins/com.st.stm32cube.ide.mcu.externaltools.gnu-tools-for-stm32.13.3.rel1.win32_1.0.0.202411081344/tools/bin/../lib/gcc/arm-none-eabi/13.3.1/../../../../arm-none-eabi/lib/thumb/v7-m/nofp\libc_nano.a(libc_a-memmove.o)
                0x0800b50c                memmove
 .text.__assert_func
                0x0800b540       0x3c C:/ST/STM32CubeIDE_1.18.1/STM32CubeIDE/plugins/com.st.stm32cube.ide.mcu.externaltools.gnu-tools-for-stm32.13.3.rel1.win32_1.0.0.202411081344/tools/bin/../lib/gcc/arm-none-eabi/13.3.1/../../../../arm-none-eabi/lib/thumb/v7-m/nofp\libc_nano.a(libc_a-assert.o)
                0x0800b540                __assert_func
 .text._calloc_r
                0x0800b57c       0x28 C:/ST/STM32CubeIDE_1.18.1/STM32CubeIDE/plugins/com.st.stm32cube.ide.mcu.externaltools.gnu-tools-for-stm32.13.3.rel1.win32_1.0.0.202411081344/tools/bin/../lib/gcc/arm-none-eabi/13.3.1/../../../../arm-none-eabi/lib/thumb/v7-m/nofp\libc_nano.a(libc_a-callocr.o)
                0x0800b57c                _calloc_r
 .text.__ascii_mbtowc
                0x0800b5a4       0x24 C:/ST/STM32CubeIDE_1.18.1/STM32CubeIDE/plugins/com.st.stm32cube.ide.mcu.externaltools.gnu-tools-for-stm32.13.3.rel1.win32_1.0.0.202411081344/tools/bin/../lib/gcc/arm-none-eabi/13.3.1/../../../../arm-none-eabi/lib/thumb/v7-m/nofp\libc_nano.a(libc_a-mbtowc_r.o)
                0x0800b5a4                __ascii_mbtowc
 .text._realloc_r
                0x0800b5c8       0x5c C:/ST/STM32CubeIDE_1.18.1/STM32CubeIDE/plugins/com.st.stm32cube.ide.mcu.externaltools.gnu-tools-for-stm32.13.3.rel1.win32_1.0.0.202411081344/tools/bin/../lib/gcc/arm-none-eabi/13.3.1/../../../../arm-none-eabi/lib/thumb/v7-m/nofp\libc_nano.a(libc_a-reallocr.o)
                0x0800b5c8                _realloc_r
 .text.__ascii_wctomb
                0x0800b624       0x1a C:/ST/STM32CubeIDE_1.18.1/STM32CubeIDE/plugins/com.st.stm32cube.ide.mcu.externaltools.gnu-tools-for-stm32.13.3.rel1.win32_1.0.0.202411081344/tools/bin/../lib/gcc/arm-none-eabi/13.3.1/../../../../arm-none-eabi/lib/thumb/v7-m/nofp\libc_nano.a(libc_a-wctomb_r.o)
                0x0800b624                __ascii_wctomb
 *fill*         0x0800b63e        0x2 
 .text.fprintf  0x0800b640       0x24 C:/ST/STM32CubeIDE_1.18.1/STM32CubeIDE/plugins/com.st.stm32cube.ide.mcu.externaltools.gnu-tools-for-stm32.13.3.rel1.win32_1.0.0.202411081344/tools/bin/../lib/gcc/arm-none-eabi/13.3.1/../../../../arm-none-eabi/lib/thumb/v7-m/nofp\libc_nano.a(libc_a-fprintf.o)
                0x0800b640                fiprintf
                0x0800b640                fprintf
 .text._malloc_usable_size_r
                0x0800b664       0x10 C:/ST/STM32CubeIDE_1.18.1/STM32CubeIDE/plugins/com.st.stm32cube.ide.mcu.externaltools.gnu-tools-for-stm32.13.3.rel1.win32_1.0.0.202411081344/tools/bin/../lib/gcc/arm-none-eabi/13.3.1/../../../../arm-none-eabi/lib/thumb/v7-m/nofp\libc_nano.a(libc_a-msizer.o)
                0x0800b664                _malloc_usable_size_r
 .text.__sfputc_r
                0x0800b674       0x2a C:/ST/STM32CubeIDE_1.18.1/STM32CubeIDE/plugins/com.st.stm32cube.ide.mcu.externaltools.gnu-tools-for-stm32.13.3.rel1.win32_1.0.0.202411081344/tools/bin/../lib/gcc/arm-none-eabi/13.3.1/../../../../arm-none-eabi/lib/thumb/v7-m/nofp\libc_nano.a(libc_a-nano-vfprintf.o)
 .text.__sfputs_r
                0x0800b69e       0x24 C:/ST/STM32CubeIDE_1.18.1/STM32CubeIDE/plugins/com.st.stm32cube.ide.mcu.externaltools.gnu-tools-for-stm32.13.3.rel1.win32_1.0.0.202411081344/tools/bin/../lib/gcc/arm-none-eabi/13.3.1/../../../../arm-none-eabi/lib/thumb/v7-m/nofp\libc_nano.a(libc_a-nano-vfprintf.o)
                0x0800b69e                __sfputs_r
 *fill*         0x0800b6c2        0x2 
 .text._vfprintf_r
                0x0800b6c4      0x230 C:/ST/STM32CubeIDE_1.18.1/STM32CubeIDE/plugins/com.st.stm32cube.ide.mcu.externaltools.gnu-tools-for-stm32.13.3.rel1.win32_1.0.0.202411081344/tools/bin/../lib/gcc/arm-none-eabi/13.3.1/../../../../arm-none-eabi/lib/thumb/v7-m/nofp\libc_nano.a(libc_a-nano-vfprintf.o)
                0x0800b6c4                _vfprintf_r
                0x0800b6c4                _vfiprintf_r
 .text.__swbuf_r
                0x0800b8f4       0x7c C:/ST/STM32CubeIDE_1.18.1/STM32CubeIDE/plugins/com.st.stm32cube.ide.mcu.externaltools.gnu-tools-for-stm32.13.3.rel1.win32_1.0.0.202411081344/tools/bin/../lib/gcc/arm-none-eabi/13.3.1/../../../../arm-none-eabi/lib/thumb/v7-m/nofp\libc_nano.a(libc_a-wbuf.o)
                0x0800b8f4                __swbuf_r
 .text.__swsetup_r
                0x0800b970       0xac C:/ST/STM32CubeIDE_1.18.1/STM32CubeIDE/plugins/com.st.stm32cube.ide.mcu.externaltools.gnu-tools-for-stm32.13.3.rel1.win32_1.0.0.202411081344/tools/bin/../lib/gcc/arm-none-eabi/13.3.1/../../../../arm-none-eabi/lib/thumb/v7-m/nofp\libc_nano.a(libc_a-wsetup.o)
                0x0800b970                __swsetup_r
 .text.__swhatbuf_r
                0x0800ba1c       0x4a C:/ST/STM32CubeIDE_1.18.1/STM32CubeIDE/plugins/com.st.stm32cube.ide.mcu.externaltools.gnu-tools-for-stm32.13.3.rel1.win32_1.0.0.202411081344/tools/bin/../lib/gcc/arm-none-eabi/13.3.1/../../../../arm-none-eabi/lib/thumb/v7-m/nofp\libc_nano.a(libc_a-makebuf.o)
                0x0800ba1c                __swhatbuf_r
 .text.__smakebuf_r
                0x0800ba66       0x78 C:/ST/STM32CubeIDE_1.18.1/STM32CubeIDE/plugins/com.st.stm32cube.ide.mcu.externaltools.gnu-tools-for-stm32.13.3.rel1.win32_1.0.0.202411081344/tools/bin/../lib/gcc/arm-none-eabi/13.3.1/../../../../arm-none-eabi/lib/thumb/v7-m/nofp\libc_nano.a(libc_a-makebuf.o)
                0x0800ba66                __smakebuf_r
 *fill*         0x0800bade        0x2 
 .text._fstat_r
                0x0800bae0       0x24 C:/ST/STM32CubeIDE_1.18.1/STM32CubeIDE/plugins/com.st.stm32cube.ide.mcu.externaltools.gnu-tools-for-stm32.13.3.rel1.win32_1.0.0.202411081344/tools/bin/../lib/gcc/arm-none-eabi/13.3.1/../../../../arm-none-eabi/lib/thumb/v7-m/nofp\libc_nano.a(libc_a-fstatr.o)
                0x0800bae0                _fstat_r
 .text._isatty_r
                0x0800bb04       0x20 C:/ST/STM32CubeIDE_1.18.1/STM32CubeIDE/plugins/com.st.stm32cube.ide.mcu.externaltools.gnu-tools-for-stm32.13.3.rel1.win32_1.0.0.202411081344/tools/bin/../lib/gcc/arm-none-eabi/13.3.1/../../../../arm-none-eabi/lib/thumb/v7-m/nofp\libc_nano.a(libc_a-isattyr.o)
                0x0800bb04                _isatty_r
 *(.glue_7)
 .glue_7        0x0800bb24        0x0 linker stubs
 *(.glue_7t)
 .glue_7t       0x0800bb24        0x0 linker stubs
 *(.eh_frame)
 .eh_frame      0x0800bb24        0x0 C:/ST/STM32CubeIDE_1.18.1/STM32CubeIDE/plugins/com.st.stm32cube.ide.mcu.externaltools.gnu-tools-for-stm32.13.3.rel1.win32_1.0.0.202411081344/tools/bin/../lib/gcc/arm-none-eabi/13.3.1/thumb/v7-m/nofp/crtbegin.o
 *(.init)
 .init          0x0800bb24        0x4 C:/ST/STM32CubeIDE_1.18.1/STM32CubeIDE/plugins/com.st.stm32cube.ide.mcu.externaltools.gnu-tools-for-stm32.13.3.rel1.win32_1.0.0.202411081344/tools/bin/../lib/gcc/arm-none-eabi/13.3.1/thumb/v7-m/nofp/crti.o
                0x0800bb24                _init
 .init          0x0800bb28        0x8 C:/ST/STM32CubeIDE_1.18.1/STM32CubeIDE/plugins/com.st.stm32cube.ide.mcu.externaltools.gnu-tools-for-stm32.13.3.rel1.win32_1.0.0.202411081344/tools/bin/../lib/gcc/arm-none-eabi/13.3.1/thumb/v7-m/nofp/crtn.o
 *(.fini)
 .fini          0x0800bb30        0x4 C:/ST/STM32CubeIDE_1.18.1/STM32CubeIDE/plugins/com.st.stm32cube.ide.mcu.externaltools.gnu-tools-for-stm32.13.3.rel1.win32_1.0.0.202411081344/tools/bin/../lib/gcc/arm-none-eabi/13.3.1/thumb/v7-m/nofp/crti.o
                0x0800bb30                _fini
 .fini          0x0800bb34        0x8 C:/ST/STM32CubeIDE_1.18.1/STM32CubeIDE/plugins/com.st.stm32cube.ide.mcu.externaltools.gnu-tools-for-stm32.13.3.rel1.win32_1.0.0.202411081344/tools/bin/../lib/gcc/arm-none-eabi/13.3.1/thumb/v7-m/nofp/crtn.o
                0x0800bb3c                        . = ALIGN (0x4)
                0x0800bb3c                        _etext = .

.vfp11_veneer   0x0800bb3c        0x0
 .vfp11_veneer  0x0800bb3c        0x0 linker stubs

.v4_bx          0x0800bb3c        0x0
 .v4_bx         0x0800bb3c        0x0 linker stubs

.iplt           0x0800bb3c        0x0
 .iplt          0x0800bb3c        0x0 C:/ST/STM32CubeIDE_1.18.1/STM32CubeIDE/plugins/com.st.stm32cube.ide.mcu.externaltools.gnu-tools-for-stm32.13.3.rel1.win32_1.0.0.202411081344/tools/bin/../lib/gcc/arm-none-eabi/13.3.1/thumb/v7-m/nofp/crtbegin.o

.rodata         0x0800bb40      0x52c
                0x0800bb40                        . = ALIGN (0x4)
 *(.rodata)
 .rodata        0x0800bb40       0x6a ./Core/Src/arm.o
 *fill*         0x0800bbaa        0x2 
 .rodata        0x0800bbac       0x60 ./Core/Src/ctrl.o
 .rodata        0x0800bc0c       0x87 ./Core/Src/freertos.o
 *fill*         0x0800bc93        0x1 
 .rodata        0x0800bc94        0x5 ./Middlewares/Third_Party/FreeRTOS/Source/tasks.o
 *fill*         0x0800bc99        0x3 
 .rodata        0x0800bc9c        0xd ./Middlewares/Third_Party/FreeRTOS/Source/timers.o
 *(.rodata*)
 *fill*         0x0800bca9        0x3 
 .rodata._ZL22defaultTask_attributes
                0x0800bcac       0x24 ./Core/Src/freertos.o
 .rodata.AHBPrescTable
                0x0800bcd0       0x10 ./Core/Src/system_stm32f1xx.o
                0x0800bcd0                AHBPrescTable
 .rodata.APBPrescTable
                0x0800bce0        0x8 ./Core/Src/system_stm32f1xx.o
                0x0800bce0                APBPrescTable
 .rodata.aPLLMULFactorTable.1
                0x0800bce8       0x10 ./Drivers/STM32F1xx_HAL_Driver/Src/stm32f1xx_hal_rcc.o
 .rodata.aPredivFactorTable.0
                0x0800bcf8        0x2 ./Drivers/STM32F1xx_HAL_Driver/Src/stm32f1xx_hal_rcc.o
 .rodata._printf_float.str1.1
                0x0800bcfa      0x171 C:/ST/STM32CubeIDE_1.18.1/STM32CubeIDE/plugins/com.st.stm32cube.ide.mcu.externaltools.gnu-tools-for-stm32.13.3.rel1.win32_1.0.0.202411081344/tools/bin/../lib/gcc/arm-none-eabi/13.3.1/../../../../arm-none-eabi/lib/thumb/v7-m/nofp\libc_nano.a(libc_a-nano-vfprintf_float.o)
                                 0x12 (size before relaxing)
 .rodata._printf_i.str1.1
                0x0800be6b       0x22 C:/ST/STM32CubeIDE_1.18.1/STM32CubeIDE/plugins/com.st.stm32cube.ide.mcu.externaltools.gnu-tools-for-stm32.13.3.rel1.win32_1.0.0.202411081344/tools/bin/../lib/gcc/arm-none-eabi/13.3.1/../../../../arm-none-eabi/lib/thumb/v7-m/nofp\libc_nano.a(libc_a-nano-vfprintf_i.o)
 .rodata._dtoa_r.str1.1
                0x0800be6b       0x8f C:/ST/STM32CubeIDE_1.18.1/STM32CubeIDE/plugins/com.st.stm32cube.ide.mcu.externaltools.gnu-tools-for-stm32.13.3.rel1.win32_1.0.0.202411081344/tools/bin/../lib/gcc/arm-none-eabi/13.3.1/../../../../arm-none-eabi/lib/thumb/v7-m/nofp\libc_nano.a(libc_a-dtoa.o)
 .rodata._Balloc.str1.1
                0x0800be6b       0x70 C:/ST/STM32CubeIDE_1.18.1/STM32CubeIDE/plugins/com.st.stm32cube.ide.mcu.externaltools.gnu-tools-for-stm32.13.3.rel1.win32_1.0.0.202411081344/tools/bin/../lib/gcc/arm-none-eabi/13.3.1/../../../../arm-none-eabi/lib/thumb/v7-m/nofp\libc_nano.a(libc_a-mprec.o)
 .rodata.__multadd.str1.1
                0x0800be6b       0x11 C:/ST/STM32CubeIDE_1.18.1/STM32CubeIDE/plugins/com.st.stm32cube.ide.mcu.externaltools.gnu-tools-for-stm32.13.3.rel1.win32_1.0.0.202411081344/tools/bin/../lib/gcc/arm-none-eabi/13.3.1/../../../../arm-none-eabi/lib/thumb/v7-m/nofp\libc_nano.a(libc_a-mprec.o)
 *fill*         0x0800be6b        0x1 
 .rodata.p05.0  0x0800be6c        0xc C:/ST/STM32CubeIDE_1.18.1/STM32CubeIDE/plugins/com.st.stm32cube.ide.mcu.externaltools.gnu-tools-for-stm32.13.3.rel1.win32_1.0.0.202411081344/tools/bin/../lib/gcc/arm-none-eabi/13.3.1/../../../../arm-none-eabi/lib/thumb/v7-m/nofp\libc_nano.a(libc_a-mprec.o)
 .rodata.__mprec_bigtens
                0x0800be78       0x28 C:/ST/STM32CubeIDE_1.18.1/STM32CubeIDE/plugins/com.st.stm32cube.ide.mcu.externaltools.gnu-tools-for-stm32.13.3.rel1.win32_1.0.0.202411081344/tools/bin/../lib/gcc/arm-none-eabi/13.3.1/../../../../arm-none-eabi/lib/thumb/v7-m/nofp\libc_nano.a(libc_a-mprec.o)
                0x0800be78                __mprec_bigtens
 .rodata.__mprec_tens
                0x0800bea0       0xc8 C:/ST/STM32CubeIDE_1.18.1/STM32CubeIDE/plugins/com.st.stm32cube.ide.mcu.externaltools.gnu-tools-for-stm32.13.3.rel1.win32_1.0.0.202411081344/tools/bin/../lib/gcc/arm-none-eabi/13.3.1/../../../../arm-none-eabi/lib/thumb/v7-m/nofp\libc_nano.a(libc_a-mprec.o)
                0x0800bea0                __mprec_tens
 .rodata._svfprintf_r.str1.1
                0x0800bf68       0x11 C:/ST/STM32CubeIDE_1.18.1/STM32CubeIDE/plugins/com.st.stm32cube.ide.mcu.externaltools.gnu-tools-for-stm32.13.3.rel1.win32_1.0.0.202411081344/tools/bin/../lib/gcc/arm-none-eabi/13.3.1/../../../../arm-none-eabi/lib/thumb/v7-m/nofp\libc_nano.a(libc_a-nano-svfprintf.o)
 .rodata._setlocale_r.str1.1
                0x0800bf68        0x9 C:/ST/STM32CubeIDE_1.18.1/STM32CubeIDE/plugins/com.st.stm32cube.ide.mcu.externaltools.gnu-tools-for-stm32.13.3.rel1.win32_1.0.0.202411081344/tools/bin/../lib/gcc/arm-none-eabi/13.3.1/../../../../arm-none-eabi/lib/thumb/v7-m/nofp\libc_nano.a(libc_a-locale.o)
 .rodata.str1.1
                0x0800bf68        0x2 C:/ST/STM32CubeIDE_1.18.1/STM32CubeIDE/plugins/com.st.stm32cube.ide.mcu.externaltools.gnu-tools-for-stm32.13.3.rel1.win32_1.0.0.202411081344/tools/bin/../lib/gcc/arm-none-eabi/13.3.1/../../../../arm-none-eabi/lib/thumb/v7-m/nofp\libc_nano.a(libc_a-locale.o)
 .rodata.__assert_func.str1.1
                0x0800bf68       0x3d C:/ST/STM32CubeIDE_1.18.1/STM32CubeIDE/plugins/com.st.stm32cube.ide.mcu.externaltools.gnu-tools-for-stm32.13.3.rel1.win32_1.0.0.202411081344/tools/bin/../lib/gcc/arm-none-eabi/13.3.1/../../../../arm-none-eabi/lib/thumb/v7-m/nofp\libc_nano.a(libc_a-assert.o)
 .rodata._ctype_
                0x0800bf68      0x101 C:/ST/STM32CubeIDE_1.18.1/STM32CubeIDE/plugins/com.st.stm32cube.ide.mcu.externaltools.gnu-tools-for-stm32.13.3.rel1.win32_1.0.0.202411081344/tools/bin/../lib/gcc/arm-none-eabi/13.3.1/../../../../arm-none-eabi/lib/thumb/v7-m/nofp\libc_nano.a(libc_a-ctype_.o)
                0x0800bf68                _ctype_
 .rodata._vfprintf_r.str1.1
                0x0800c069       0x11 C:/ST/STM32CubeIDE_1.18.1/STM32CubeIDE/plugins/com.st.stm32cube.ide.mcu.externaltools.gnu-tools-for-stm32.13.3.rel1.win32_1.0.0.202411081344/tools/bin/../lib/gcc/arm-none-eabi/13.3.1/../../../../arm-none-eabi/lib/thumb/v7-m/nofp\libc_nano.a(libc_a-nano-vfprintf.o)
                0x0800c07c                        . = ALIGN (0x4)
 *fill*         0x0800c069        0x3 

.ARM.extab      0x0800c06c        0x0
                0x0800c06c                        . = ALIGN (0x4)
 *(.ARM.extab* .gnu.linkonce.armextab.*)
                0x0800c06c                        . = ALIGN (0x4)

.ARM            0x0800c06c        0x8
                0x0800c06c                        . = ALIGN (0x4)
                0x0800c06c                        __exidx_start = .
 *(.ARM.exidx*)
 .ARM.exidx     0x0800c06c        0x8 C:/ST/STM32CubeIDE_1.18.1/STM32CubeIDE/plugins/com.st.stm32cube.ide.mcu.externaltools.gnu-tools-for-stm32.13.3.rel1.win32_1.0.0.202411081344/tools/bin/../lib/gcc/arm-none-eabi/13.3.1/../../../../arm-none-eabi/lib/thumb/v7-m/nofp\libc_nano.a(libc_a-strlen.o)
                0x0800c074                        __exidx_end = .
                0x0800c074                        . = ALIGN (0x4)

.preinit_array  0x0800c074        0x0
                0x0800c074                        . = ALIGN (0x4)
                0x0800c074                        PROVIDE (__preinit_array_start = .)
 *(.preinit_array*)
                0x0800c074                        PROVIDE (__preinit_array_end = .)
                0x0800c074                        . = ALIGN (0x4)

.init_array     0x0800c074        0x8
                0x0800c074                        . = ALIGN (0x4)
                0x0800c074                        PROVIDE (__init_array_start = .)
 *(SORT_BY_NAME(.init_array.*))
 *(.init_array*)
 .init_array    0x0800c074        0x4 C:/ST/STM32CubeIDE_1.18.1/STM32CubeIDE/plugins/com.st.stm32cube.ide.mcu.externaltools.gnu-tools-for-stm32.13.3.rel1.win32_1.0.0.202411081344/tools/bin/../lib/gcc/arm-none-eabi/13.3.1/thumb/v7-m/nofp/crtbegin.o
 .init_array    0x0800c078        0x4 ./Core/Src/freertos.o
                0x0800c07c                        PROVIDE (__init_array_end = .)
                0x0800c07c                        . = ALIGN (0x4)

.fini_array     0x0800c07c        0x4
                0x0800c07c                        . = ALIGN (0x4)
                [!provide]                        PROVIDE (__fini_array_start = .)
 *(SORT_BY_NAME(.fini_array.*))
 *(.fini_array*)
 .fini_array    0x0800c07c        0x4 C:/ST/STM32CubeIDE_1.18.1/STM32CubeIDE/plugins/com.st.stm32cube.ide.mcu.externaltools.gnu-tools-for-stm32.13.3.rel1.win32_1.0.0.202411081344/tools/bin/../lib/gcc/arm-none-eabi/13.3.1/thumb/v7-m/nofp/crtbegin.o
                [!provide]                        PROVIDE (__fini_array_end = .)
                0x0800c080                        . = ALIGN (0x4)
                0x0800c080                        _sidata = LOADADDR (.data)

.rel.dyn        0x0800c080        0x0
 .rel.iplt      0x0800c080        0x0 C:/ST/STM32CubeIDE_1.18.1/STM32CubeIDE/plugins/com.st.stm32cube.ide.mcu.externaltools.gnu-tools-for-stm32.13.3.rel1.win32_1.0.0.202411081344/tools/bin/../lib/gcc/arm-none-eabi/13.3.1/thumb/v7-m/nofp/crtbegin.o

.data           0x20000000      0x228 load address 0x0800c080
                0x20000000                        . = ALIGN (0x4)
                0x20000000                        _sdata = .
 *(.data)
 *(.data*)
 .data.ids      0x20000000        0x6 ./Core/Src/freertos.o
                0x20000000                ids
 *fill*         0x20000006        0x2 
 .data.reduction
                0x20000008       0x18 ./Core/Src/freertos.o
                0x20000008                reduction
 .data.inverse_
                0x20000020       0x18 ./Core/Src/freertos.o
                0x20000020                inverse_
 .data.joint_offset
                0x20000038       0x18 ./Core/Src/freertos.o
                0x20000038                joint_offset
 .data.SystemCoreClock
                0x20000050        0x4 ./Core/Src/system_stm32f1xx.o
                0x20000050                SystemCoreClock
 .data.uwTickPrio
                0x20000054        0x4 ./Drivers/STM32F1xx_HAL_Driver/Src/stm32f1xx_hal.o
                0x20000054                uwTickPrio
 .data.uwTickFreq
                0x20000058        0x1 ./Drivers/STM32F1xx_HAL_Driver/Src/stm32f1xx_hal.o
                0x20000058                uwTickFreq
 *fill*         0x20000059        0x3 
 .data.uxCriticalNesting
                0x2000005c        0x4 ./Middlewares/Third_Party/FreeRTOS/Source/portable/GCC/ARM_CM3/port.o