../Core/Src/freertos.cpp:101:6:void MX_FREERTOS_Init()	16	static
../Core/Src/freertos.cpp:144:6:void StartDefaultTask(void*)	16	static
../Core/Src/freertos.cpp:157:6:void HAL_UART_RxCpltCallback(UART_HandleTypeDef*)	112	static
../Core/Src/freertos.cpp:187:6:void HAL_UART_ErrorCallback(UART_HandleTypeDef*)	16	static
../Core/Src/freertos.cpp:202:6:void HAL_CAN_RxFifo0MsgPendingCallback(CAN_HandleTypeDef*)	24	static
../Core/Src/freertos.cpp:225:6:void Ctrl_Task(void*)	16	static
../Core/Src/freertos.cpp:235:6:void Receive_Task(void*)	104	static
../Core/Src/freertos.cpp:264:1:void __static_initialization_and_destruction_0()	8	static
../Core/Src/freertos.cpp:264:1:cpp)	8	static
